11:45:14 **** Build of project UGV_FINAL_bsp ****
make -k all 
"Running Make include in ps7_cortexa9_0/libsrc/coresightps_dcc_v1_4/src"
make -C ps7_cortexa9_0/libsrc/coresightps_dcc_v1_4/src -s include  "SHELL=CMD" "COMPILER=arm-none-eabi-gcc" "ARCHIVER=arm-none-eabi-ar" "COMPILER_FLAGS=  -O2 -c" "EXTRA_COMPILER_FLAGS=-mcpu=cortex-a9 -mfpu=vfpv3 -mfloat-abi=hard -nostartfiles -Wall -Wextra"
"Running Make include in ps7_cortexa9_0/libsrc/cpu_cortexa9_v2_5/src"
make -C ps7_cortexa9_0/libsrc/cpu_cortexa9_v2_5/src -s include  "SHELL=CMD" "COMPILER=arm-none-eabi-gcc" "ARCHIVER=arm-none-eabi-ar" "COMPILER_FLAGS=  -O2 -c" "EXTRA_COMPILER_FLAGS=-mcpu=cortex-a9 -mfpu=vfpv3 -mfloat-abi=hard -nostartfiles -Wall -Wextra"
"Running Make include in ps7_cortexa9_0/libsrc/ddrps_v1_0/src"
make -C ps7_cortexa9_0/libsrc/ddrps_v1_0/src -s include  "SHELL=CMD" "COMPILER=arm-none-eabi-gcc" "ARCHIVER=arm-none-eabi-ar" "COMPILER_FLAGS=  -O2 -c" "EXTRA_COMPILER_FLAGS=-mcpu=cortex-a9 -mfpu=vfpv3 -mfloat-abi=hard -nostartfiles -Wall -Wextra"
"Running Make include in ps7_cortexa9_0/libsrc/devcfg_v3_5/src"
make -C ps7_cortexa9_0/libsrc/devcfg_v3_5/src -s include  "SHELL=CMD" "COMPILER=arm-none-eabi-gcc" "ARCHIVER=arm-none-eabi-ar" "COMPILER_FLAGS=  -O2 -c" "EXTRA_COMPILER_FLAGS=-mcpu=cortex-a9 -mfpu=vfpv3 -mfloat-abi=hard -nostartfiles -Wall -Wextra"
"Running Make include in ps7_cortexa9_0/libsrc/dmaps_v2_3/src"
make -C ps7_cortexa9_0/libsrc/dmaps_v2_3/src -s include  "SHELL=CMD" "COMPILER=arm-none-eabi-gcc" "ARCHIVER=arm-none-eabi-ar" "COMPILER_FLAGS=  -O2 -c" "EXTRA_COMPILER_FLAGS=-mcpu=cortex-a9 -mfpu=vfpv3 -mfloat-abi=hard -nostartfiles -Wall -Wextra"
"Running Make include in ps7_cortexa9_0/libsrc/emacps_v3_6/src"
make -C ps7_cortexa9_0/libsrc/emacps_v3_6/src -s include  "SHELL=CMD" "COMPILER=arm-none-eabi-gcc" "ARCHIVER=arm-none-eabi-ar" "COMPILER_FLAGS=  -O2 -c" "EXTRA_COMPILER_FLAGS=-mcpu=cortex-a9 -mfpu=vfpv3 -mfloat-abi=hard -nostartfiles -Wall -Wextra"
"Running Make include in ps7_cortexa9_0/libsrc/gpio_v4_3/src"
make -C ps7_cortexa9_0/libsrc/gpio_v4_3/src -s include  "SHELL=CMD" "COMPILER=arm-none-eabi-gcc" "ARCHIVER=arm-none-eabi-ar" "COMPILER_FLAGS=  -O2 -c" "EXTRA_COMPILER_FLAGS=-mcpu=cortex-a9 -mfpu=vfpv3 -mfloat-abi=hard -nostartfiles -Wall -Wextra"
"Running Make include in ps7_cortexa9_0/libsrc/gpiops_v3_3/src"
make -C ps7_cortexa9_0/libsrc/gpiops_v3_3/src -s include  "SHELL=CMD" "COMPILER=arm-none-eabi-gcc" "ARCHIVER=arm-none-eabi-ar" "COMPILER_FLAGS=  -O2 -c" "EXTRA_COMPILER_FLAGS=-mcpu=cortex-a9 -mfpu=vfpv3 -mfloat-abi=hard -nostartfiles -Wall -Wextra"
"Running Make include in ps7_cortexa9_0/libsrc/MD03ADRIVER_v1_0/src"
make -C ps7_cortexa9_0/libsrc/MD03ADRIVER_v1_0/src -s include  "SHELL=CMD" "COMPILER=arm-none-eabi-gcc" "ARCHIVER=arm-none-eabi-ar" "COMPILER_FLAGS=  -O2 -c" "EXTRA_COMPILER_FLAGS=-mcpu=cortex-a9 -mfpu=vfpv3 -mfloat-abi=hard -nostartfiles -Wall -Wextra"
"Running Make include in ps7_cortexa9_0/libsrc/PololuStepperA_v1_0/src"
make -C ps7_cortexa9_0/libsrc/PololuStepperA_v1_0/src -s include  "SHELL=CMD" "COMPILER=arm-none-eabi-gcc" "ARCHIVER=arm-none-eabi-ar" "COMPILER_FLAGS=  -O2 -c" "EXTRA_COMPILER_FLAGS=-mcpu=cortex-a9 -mfpu=vfpv3 -mfloat-abi=hard -nostartfiles -Wall -Wextra"
"Running Make include in ps7_cortexa9_0/libsrc/PWM_Measure_v1_0/src"
make -C ps7_cortexa9_0/libsrc/PWM_Measure_v1_0/src -s include  "SHELL=CMD" "COMPILER=arm-none-eabi-gcc" "ARCHIVER=arm-none-eabi-ar" "COMPILER_FLAGS=  -O2 -c" "EXTRA_COMPILER_FLAGS=-mcpu=cortex-a9 -mfpu=vfpv3 -mfloat-abi=hard -nostartfiles -Wall -Wextra"
"Running Make include in ps7_cortexa9_0/libsrc/qspips_v3_4/src"
make -C ps7_cortexa9_0/libsrc/qspips_v3_4/src -s include  "SHELL=CMD" "COMPILER=arm-none-eabi-gcc" "ARCHIVER=arm-none-eabi-ar" "COMPILER_FLAGS=  -O2 -c" "EXTRA_COMPILER_FLAGS=-mcpu=cortex-a9 -mfpu=vfpv3 -mfloat-abi=hard -nostartfiles -Wall -Wextra"
"Running Make include in ps7_cortexa9_0/libsrc/scugic_v3_8/src"
make -C ps7_cortexa9_0/libsrc/scugic_v3_8/src -s include  "SHELL=CMD" "COMPILER=arm-none-eabi-gcc" "ARCHIVER=arm-none-eabi-ar" "COMPILER_FLAGS=  -O2 -c" "EXTRA_COMPILER_FLAGS=-mcpu=cortex-a9 -mfpu=vfpv3 -mfloat-abi=hard -nostartfiles -Wall -Wextra"
"Running Make include in ps7_cortexa9_0/libsrc/scutimer_v2_1/src"
make -C ps7_cortexa9_0/libsrc/scutimer_v2_1/src -s include  "SHELL=CMD" "COMPILER=arm-none-eabi-gcc" "ARCHIVER=arm-none-eabi-ar" "COMPILER_FLAGS=  -O2 -c" "EXTRA_COMPILER_FLAGS=-mcpu=cortex-a9 -mfpu=vfpv3 -mfloat-abi=hard -nostartfiles -Wall -Wextra"
"Running Make include in ps7_cortexa9_0/libsrc/scuwdt_v2_1/src"
make -C ps7_cortexa9_0/libsrc/scuwdt_v2_1/src -s include  "SHELL=CMD" "COMPILER=arm-none-eabi-gcc" "ARCHIVER=arm-none-eabi-ar" "COMPILER_FLAGS=  -O2 -c" "EXTRA_COMPILER_FLAGS=-mcpu=cortex-a9 -mfpu=vfpv3 -mfloat-abi=hard -nostartfiles -Wall -Wextra"
"Running Make include in ps7_cortexa9_0/libsrc/sdps_v3_3/src"
make -C ps7_cortexa9_0/libsrc/sdps_v3_3/src -s include  "SHELL=CMD" "COMPILER=arm-none-eabi-gcc" "ARCHIVER=arm-none-eabi-ar" "COMPILER_FLAGS=  -O2 -c" "EXTRA_COMPILER_FLAGS=-mcpu=cortex-a9 -mfpu=vfpv3 -mfloat-abi=hard -nostartfiles -Wall -Wextra"
"Running Make include in ps7_cortexa9_0/libsrc/standalone_v6_5/src"
make -C ps7_cortexa9_0/libsrc/standalone_v6_5/src -s include  "SHELL=CMD" "COMPILER=arm-none-eabi-gcc" "ARCHIVER=arm-none-eabi-ar" "COMPILER_FLAGS=  -O2 -c" "EXTRA_COMPILER_FLAGS=-mcpu=cortex-a9 -mfpu=vfpv3 -mfloat-abi=hard -nostartfiles -Wall -Wextra"
"Running Make include in ps7_cortexa9_0/libsrc/ttcps_v3_5/src"
make -C ps7_cortexa9_0/libsrc/ttcps_v3_5/src -s include  "SHELL=CMD" "COMPILER=arm-none-eabi-gcc" "ARCHIVER=arm-none-eabi-ar" "COMPILER_FLAGS=  -O2 -c" "EXTRA_COMPILER_FLAGS=-mcpu=cortex-a9 -mfpu=vfpv3 -mfloat-abi=hard -nostartfiles -Wall -Wextra"
"Running Make include in ps7_cortexa9_0/libsrc/uartlite_v3_2/src"
make -C ps7_cortexa9_0/libsrc/uartlite_v3_2/src -s include  "SHELL=CMD" "COMPILER=arm-none-eabi-gcc" "ARCHIVER=arm-none-eabi-ar" "COMPILER_FLAGS=  -O2 -c" "EXTRA_COMPILER_FLAGS=-mcpu=cortex-a9 -mfpu=vfpv3 -mfloat-abi=hard -nostartfiles -Wall -Wextra"
"Running Make include in ps7_cortexa9_0/libsrc/uartps_v3_5/src"
make -C ps7_cortexa9_0/libsrc/uartps_v3_5/src -s include  "SHELL=CMD" "COMPILER=arm-none-eabi-gcc" "ARCHIVER=arm-none-eabi-ar" "COMPILER_FLAGS=  -O2 -c" "EXTRA_COMPILER_FLAGS=-mcpu=cortex-a9 -mfpu=vfpv3 -mfloat-abi=hard -nostartfiles -Wall -Wextra"
"Running Make include in ps7_cortexa9_0/libsrc/usbps_v2_4/src"
make -C ps7_cortexa9_0/libsrc/usbps_v2_4/src -s include  "SHELL=CMD" "COMPILER=arm-none-eabi-gcc" "ARCHIVER=arm-none-eabi-ar" "COMPILER_FLAGS=  -O2 -c" "EXTRA_COMPILER_FLAGS=-mcpu=cortex-a9 -mfpu=vfpv3 -mfloat-abi=hard -nostartfiles -Wall -Wextra"
"Running Make include in ps7_cortexa9_0/libsrc/xadcps_v2_2/src"
make -C ps7_cortexa9_0/libsrc/xadcps_v2_2/src -s include  "SHELL=CMD" "COMPILER=arm-none-eabi-gcc" "ARCHIVER=arm-none-eabi-ar" "COMPILER_FLAGS=  -O2 -c" "EXTRA_COMPILER_FLAGS=-mcpu=cortex-a9 -mfpu=vfpv3 -mfloat-abi=hard -nostartfiles -Wall -Wextra"
"Running Make libs in ps7_cortexa9_0/libsrc/coresightps_dcc_v1_4/src"
make -C ps7_cortexa9_0/libsrc/coresightps_dcc_v1_4/src -s libs  "SHELL=CMD" "COMPILER=arm-none-eabi-gcc" "ARCHIVER=arm-none-eabi-ar" "COMPILER_FLAGS=  -O2 -c" "EXTRA_COMPILER_FLAGS=-mcpu=cortex-a9 -mfpu=vfpv3 -mfloat-abi=hard -nostartfiles -Wall -Wextra"
"Compiling coresightps_dcc"
arm-none-eabi-ar: creating ../../../lib/libxil.a
"Running Make libs in ps7_cortexa9_0/libsrc/cpu_cortexa9_v2_5/src"
make -C ps7_cortexa9_0/libsrc/cpu_cortexa9_v2_5/src -s libs  "SHELL=CMD" "COMPILER=arm-none-eabi-gcc" "ARCHIVER=arm-none-eabi-ar" "COMPILER_FLAGS=  -O2 -c" "EXTRA_COMPILER_FLAGS=-mcpu=cortex-a9 -mfpu=vfpv3 -mfloat-abi=hard -nostartfiles -Wall -Wextra"
"Compiling cpu_cortexa9"
"Running Make libs in ps7_cortexa9_0/libsrc/ddrps_v1_0/src"
make -C ps7_cortexa9_0/libsrc/ddrps_v1_0/src -s libs  "SHELL=CMD" "COMPILER=arm-none-eabi-gcc" "ARCHIVER=arm-none-eabi-ar" "COMPILER_FLAGS=  -O2 -c" "EXTRA_COMPILER_FLAGS=-mcpu=cortex-a9 -mfpu=vfpv3 -mfloat-abi=hard -nostartfiles -Wall -Wextra"
"Compiling ddrps"
"Running Make libs in ps7_cortexa9_0/libsrc/devcfg_v3_5/src"
make -C ps7_cortexa9_0/libsrc/devcfg_v3_5/src -s libs  "SHELL=CMD" "COMPILER=arm-none-eabi-gcc" "ARCHIVER=arm-none-eabi-ar" "COMPILER_FLAGS=  -O2 -c" "EXTRA_COMPILER_FLAGS=-mcpu=cortex-a9 -mfpu=vfpv3 -mfloat-abi=hard -nostartfiles -Wall -Wextra"
"Compiling devcfg"
"Running Make libs in ps7_cortexa9_0/libsrc/dmaps_v2_3/src"
make -C ps7_cortexa9_0/libsrc/dmaps_v2_3/src -s libs  "SHELL=CMD" "COMPILER=arm-none-eabi-gcc" "ARCHIVER=arm-none-eabi-ar" "COMPILER_FLAGS=  -O2 -c" "EXTRA_COMPILER_FLAGS=-mcpu=cortex-a9 -mfpu=vfpv3 -mfloat-abi=hard -nostartfiles -Wall -Wextra"
"Compiling dmaps"
"Running Make libs in ps7_cortexa9_0/libsrc/emacps_v3_6/src"
make -C ps7_cortexa9_0/libsrc/emacps_v3_6/src -s libs  "SHELL=CMD" "COMPILER=arm-none-eabi-gcc" "ARCHIVER=arm-none-eabi-ar" "COMPILER_FLAGS=  -O2 -c" "EXTRA_COMPILER_FLAGS=-mcpu=cortex-a9 -mfpu=vfpv3 -mfloat-abi=hard -nostartfiles -Wall -Wextra"
"Compiling emacps"
"Running Make libs in ps7_cortexa9_0/libsrc/gpio_v4_3/src"
make -C ps7_cortexa9_0/libsrc/gpio_v4_3/src -s libs  "SHELL=CMD" "COMPILER=arm-none-eabi-gcc" "ARCHIVER=arm-none-eabi-ar" "COMPILER_FLAGS=  -O2 -c" "EXTRA_COMPILER_FLAGS=-mcpu=cortex-a9 -mfpu=vfpv3 -mfloat-abi=hard -nostartfiles -Wall -Wextra"
"Compiling gpio"
"Running Make libs in ps7_cortexa9_0/libsrc/gpiops_v3_3/src"
make -C ps7_cortexa9_0/libsrc/gpiops_v3_3/src -s libs  "SHELL=CMD" "COMPILER=arm-none-eabi-gcc" "ARCHIVER=arm-none-eabi-ar" "COMPILER_FLAGS=  -O2 -c" "EXTRA_COMPILER_FLAGS=-mcpu=cortex-a9 -mfpu=vfpv3 -mfloat-abi=hard -nostartfiles -Wall -Wextra"
"Compiling gpiops"
"Running Make libs in ps7_cortexa9_0/libsrc/MD03ADRIVER_v1_0/src"
make -C ps7_cortexa9_0/libsrc/MD03ADRIVER_v1_0/src -s libs  "SHELL=CMD" "COMPILER=arm-none-eabi-gcc" "ARCHIVER=arm-none-eabi-ar" "COMPILER_FLAGS=  -O2 -c" "EXTRA_COMPILER_FLAGS=-mcpu=cortex-a9 -mfpu=vfpv3 -mfloat-abi=hard -nostartfiles -Wall -Wextra"
"Compiling MD03ADRIVER..."
MD03ADRIVER_selftest.c: In function 'MD03ADRIVER_Reg_SelfTest':
MD03ADRIVER_selftest.c:52:60: warning: comparison between signed and unsigned integer expressions [-Wsign-compare]
    if ( MD03ADRIVER_mReadReg (baseaddr, read_loop_index*4) != (read_loop_index+1)*READ_WRITE_MUL_FACTOR){
                                                            ^~
MD03ADRIVER_selftest.c:36:6: warning: unused variable 'Index' [-Wunused-variable]
  int Index;
      ^~~~~
"Running Make libs in ps7_cortexa9_0/libsrc/PololuStepperA_v1_0/src"
make -C ps7_cortexa9_0/libsrc/PololuStepperA_v1_0/src -s libs  "SHELL=CMD" "COMPILER=arm-none-eabi-gcc" "ARCHIVER=arm-none-eabi-ar" "COMPILER_FLAGS=  -O2 -c" "EXTRA_COMPILER_FLAGS=-mcpu=cortex-a9 -mfpu=vfpv3 -mfloat-abi=hard -nostartfiles -Wall -Wextra"
"Compiling PololuStepperA..."
PololuStepperA_selftest.c: In function 'POLOLUSTEPPERA_Reg_SelfTest':
PololuStepperA_selftest.c:52:63: warning: comparison between signed and unsigned integer expressions [-Wsign-compare]
    if ( POLOLUSTEPPERA_mReadReg (baseaddr, read_loop_index*4) != (read_loop_index+1)*READ_WRITE_MUL_FACTOR){
                                                               ^~
PololuStepperA_selftest.c:36:6: warning: unused variable 'Index' [-Wunused-variable]
  int Index;
      ^~~~~
"Running Make libs in ps7_cortexa9_0/libsrc/PWM_Measure_v1_0/src"
make -C ps7_cortexa9_0/libsrc/PWM_Measure_v1_0/src -s libs  "SHELL=CMD" "COMPILER=arm-none-eabi-gcc" "ARCHIVER=arm-none-eabi-ar" "COMPILER_FLAGS=  -O2 -c" "EXTRA_COMPILER_FLAGS=-mcpu=cortex-a9 -mfpu=vfpv3 -mfloat-abi=hard -nostartfiles -Wall -Wextra"
"Compiling PWM_Measure..."
PWM_Measure_selftest.c: In function 'PWM_MEASURE_Reg_SelfTest':
PWM_Measure_selftest.c:52:60: warning: comparison between signed and unsigned integer expressions [-Wsign-compare]
    if ( PWM_MEASURE_mReadReg (baseaddr, read_loop_index*4) != (read_loop_index+1)*READ_WRITE_MUL_FACTOR){
                                                            ^~
PWM_Measure_selftest.c:36:6: warning: unused variable 'Index' [-Wunused-variable]
  int Index;
      ^~~~~
"Running Make libs in ps7_cortexa9_0/libsrc/qspips_v3_4/src"
make -C ps7_cortexa9_0/libsrc/qspips_v3_4/src -s libs  "SHELL=CMD" "COMPILER=arm-none-eabi-gcc" "ARCHIVER=arm-none-eabi-ar" "COMPILER_FLAGS=  -O2 -c" "EXTRA_COMPILER_FLAGS=-mcpu=cortex-a9 -mfpu=vfpv3 -mfloat-abi=hard -nostartfiles -Wall -Wextra"
"Compiling qspips"
"Running Make libs in ps7_cortexa9_0/libsrc/scugic_v3_8/src"
make -C ps7_cortexa9_0/libsrc/scugic_v3_8/src -s libs  "SHELL=CMD" "COMPILER=arm-none-eabi-gcc" "ARCHIVER=arm-none-eabi-ar" "COMPILER_FLAGS=  -O2 -c" "EXTRA_COMPILER_FLAGS=-mcpu=cortex-a9 -mfpu=vfpv3 -mfloat-abi=hard -nostartfiles -Wall -Wextra"
"Compiling scugic"
"Running Make libs in ps7_cortexa9_0/libsrc/scutimer_v2_1/src"
make -C ps7_cortexa9_0/libsrc/scutimer_v2_1/src -s libs  "SHELL=CMD" "COMPILER=arm-none-eabi-gcc" "ARCHIVER=arm-none-eabi-ar" "COMPILER_FLAGS=  -O2 -c" "EXTRA_COMPILER_FLAGS=-mcpu=cortex-a9 -mfpu=vfpv3 -mfloat-abi=hard -nostartfiles -Wall -Wextra"
"Compiling scutimer"
"Running Make libs in ps7_cortexa9_0/libsrc/scuwdt_v2_1/src"
make -C ps7_cortexa9_0/libsrc/scuwdt_v2_1/src -s libs  "SHELL=CMD" "COMPILER=arm-none-eabi-gcc" "ARCHIVER=arm-none-eabi-ar" "COMPILER_FLAGS=  -O2 -c" "EXTRA_COMPILER_FLAGS=-mcpu=cortex-a9 -mfpu=vfpv3 -mfloat-abi=hard -nostartfiles -Wall -Wextra"
"Compiling scuwdt"
"Running Make libs in ps7_cortexa9_0/libsrc/sdps_v3_3/src"
make -C ps7_cortexa9_0/libsrc/sdps_v3_3/src -s libs  "SHELL=CMD" "COMPILER=arm-none-eabi-gcc" "ARCHIVER=arm-none-eabi-ar" "COMPILER_FLAGS=  -O2 -c" "EXTRA_COMPILER_FLAGS=-mcpu=cortex-a9 -mfpu=vfpv3 -mfloat-abi=hard -nostartfiles -Wall -Wextra"
"Compiling sdps"
"Running Make libs in ps7_cortexa9_0/libsrc/standalone_v6_5/src"
make -C ps7_cortexa9_0/libsrc/standalone_v6_5/src -s libs  "SHELL=CMD" "COMPILER=arm-none-eabi-gcc" "ARCHIVER=arm-none-eabi-ar" "COMPILER_FLAGS=  -O2 -c" "EXTRA_COMPILER_FLAGS=-mcpu=cortex-a9 -mfpu=vfpv3 -mfloat-abi=hard -nostartfiles -Wall -Wextra"
"Compiling standalone"
"Running Make libs in ps7_cortexa9_0/libsrc/ttcps_v3_5/src"
make -C ps7_cortexa9_0/libsrc/ttcps_v3_5/src -s libs  "SHELL=CMD" "COMPILER=arm-none-eabi-gcc" "ARCHIVER=arm-none-eabi-ar" "COMPILER_FLAGS=  -O2 -c" "EXTRA_COMPILER_FLAGS=-mcpu=cortex-a9 -mfpu=vfpv3 -mfloat-abi=hard -nostartfiles -Wall -Wextra"
"Compiling ttcps"
"Running Make libs in ps7_cortexa9_0/libsrc/uartlite_v3_2/src"
make -C ps7_cortexa9_0/libsrc/uartlite_v3_2/src -s libs  "SHELL=CMD" "COMPILER=arm-none-eabi-gcc" "ARCHIVER=arm-none-eabi-ar" "COMPILER_FLAGS=  -O2 -c" "EXTRA_COMPILER_FLAGS=-mcpu=cortex-a9 -mfpu=vfpv3 -mfloat-abi=hard -nostartfiles -Wall -Wextra"
"Compiling uartlite"
"Running Make libs in ps7_cortexa9_0/libsrc/uartps_v3_5/src"
make -C ps7_cortexa9_0/libsrc/uartps_v3_5/src -s libs  "SHELL=CMD" "COMPILER=arm-none-eabi-gcc" "ARCHIVER=arm-none-eabi-ar" "COMPILER_FLAGS=  -O2 -c" "EXTRA_COMPILER_FLAGS=-mcpu=cortex-a9 -mfpu=vfpv3 -mfloat-abi=hard -nostartfiles -Wall -Wextra"
"Compiling uartps"
"Running Make libs in ps7_cortexa9_0/libsrc/usbps_v2_4/src"
make -C ps7_cortexa9_0/libsrc/usbps_v2_4/src -s libs  "SHELL=CMD" "COMPILER=arm-none-eabi-gcc" "ARCHIVER=arm-none-eabi-ar" "COMPILER_FLAGS=  -O2 -c" "EXTRA_COMPILER_FLAGS=-mcpu=cortex-a9 -mfpu=vfpv3 -mfloat-abi=hard -nostartfiles -Wall -Wextra"
"Compiling usbps"
"Running Make libs in ps7_cortexa9_0/libsrc/xadcps_v2_2/src"
make -C ps7_cortexa9_0/libsrc/xadcps_v2_2/src -s libs  "SHELL=CMD" "COMPILER=arm-none-eabi-gcc" "ARCHIVER=arm-none-eabi-ar" "COMPILER_FLAGS=  -O2 -c" "EXTRA_COMPILER_FLAGS=-mcpu=cortex-a9 -mfpu=vfpv3 -mfloat-abi=hard -nostartfiles -Wall -Wextra"
"Compiling xadcps"
'Finished building libraries'
11:45:48 **** Build of configuration Debug for project UGV_FINAL ****
make pre-build main-build 
a9-linaro-pre-build-step
' '
'Building file: ../src/helloworld.c'
'Invoking: ARM v7 gcc compiler'
arm-none-eabi-gcc -Wall -O0 -g3 -c -fmessage-length=0 -MT"src/helloworld.o" -mcpu=cortex-a9 -mfpu=vfpv3 -mfloat-abi=hard -I../../UGV_FINAL_bsp/ps7_cortexa9_0/include -MMD -MP -MF"src/helloworld.d" -MT"src/helloworld.o" -o "src/helloworld.o" "../src/helloworld.c"
'Finished building: ../src/helloworld.c'
' '
'Building file: ../src/platform.c'
'Invoking: ARM v7 gcc compiler'
arm-none-eabi-gcc -Wall -O0 -g3 -c -fmessage-length=0 -MT"src/platform.o" -mcpu=cortex-a9 -mfpu=vfpv3 -mfloat-abi=hard -I../../UGV_FINAL_bsp/ps7_cortexa9_0/include -MMD -MP -MF"src/platform.d" -MT"src/platform.o" -o "src/platform.o" "../src/platform.c"
'Finished building: ../src/platform.c'
' '
'Building target: UGV_FINAL.elf'
'Invoking: ARM v7 gcc linker'
arm-none-eabi-gcc -mcpu=cortex-a9 -mfpu=vfpv3 -mfloat-abi=hard -Wl,-build-id=none -specs=Xilinx.spec -Wl,-T -Wl,../src/lscript.ld -L../../UGV_FINAL_bsp/ps7_cortexa9_0/lib -o "UGV_FINAL.elf"  ./src/helloworld.o ./src/platform.o   -Wl,--start-group,-lxil,-lgcc,-lc,--end-group
'Finished building target: UGV_FINAL.elf'
' '
'Invoking: ARM v7 Print Size'
arm-none-eabi-size UGV_FINAL.elf  |tee "UGV_FINAL.elf.size"
   text	   data	    bss	    dec	    hex	filename
  19384	   1148	  22568	  43100	   a85c	UGV_FINAL.elf
'Finished building: UGV_FINAL.elf.size'
' '
11:59:24 **** Auto Build of configuration Debug for project UGV_FINAL ****
make pre-build main-build 
a9-linaro-pre-build-step
' '
'Building file: ../src/helloworld.c'
'Invoking: ARM v7 gcc compiler'
arm-none-eabi-gcc -Wall -O0 -g3 -c -fmessage-length=0 -MT"src/helloworld.o" -mcpu=cortex-a9 -mfpu=vfpv3 -mfloat-abi=hard -I../../UGV_FINAL_bsp/ps7_cortexa9_0/include -MMD -MP -MF"src/helloworld.d" -MT"src/helloworld.o" -o "src/helloworld.o" "../src/helloworld.c"
../src/helloworld.c:20:20: fatal error: mygpio.h: No such file or directory
 #include "mygpio.h"
                    ^
compilation terminated.
make: *** [src/helloworld.o] Error 1
11:59:47 **** Auto Build of configuration Debug for project UGV_FINAL ****
make pre-build main-build 
a9-linaro-pre-build-step
' '
'Building file: ../src/helloworld.c'
'Invoking: ARM v7 gcc compiler'
arm-none-eabi-gcc -Wall -O0 -g3 -c -fmessage-length=0 -MT"src/helloworld.o" -mcpu=cortex-a9 -mfpu=vfpv3 -mfloat-abi=hard -I../../UGV_FINAL_bsp/ps7_cortexa9_0/include -MMD -MP -MF"src/helloworld.d" -MT"src/helloworld.o" -o "src/helloworld.o" "../src/helloworld.c"
../src/helloworld.c: In function 'main':
../src/helloworld.c:184:2: warning: implicit declaration of function 'GpioInit' [-Wimplicit-function-declaration]
  GpioInit();
  ^~~~~~~~
../src/helloworld.c: In function 'Handler':
../src/helloworld.c:731:8: warning: assignment makes pointer from integer without a cast [-Wint-conversion]
      cs= get_checksum(message);
        ^
../src/helloworld.c:727:8: warning: variable 'checker' set but not used [-Wunused-but-set-variable]
     u8 checker[4];
        ^~~~~~~
../src/helloworld.c: In function 'get_checksum':
../src/helloworld.c:992:9: warning: passing argument 1 of 'strcpy' makes pointer from integer without a cast [-Wint-conversion]
  strcpy(digit,new);
         ^~~~~
In file included from c:\xilinx\sdk\2017.4\gnu\aarch32\nt\gcc-arm-none-eabi\arm-none-eabi\libc\usr\include\ctype.h:4:0,
                 from ../../UGV_FINAL_bsp/ps7_cortexa9_0/include/xil_printf.h:8,
                 from ../../UGV_FINAL_bsp/ps7_cortexa9_0/include/xil_io.h:65,
                 from ../../UGV_FINAL_bsp/ps7_cortexa9_0/include/xuartps_hw.h:73,
                 from ../../UGV_FINAL_bsp/ps7_cortexa9_0/include/xuartps.h:188,
                 from ../src/helloworld.c:15:
c:\xilinx\sdk\2017.4\gnu\aarch32\nt\gcc-arm-none-eabi\arm-none-eabi\libc\usr\include\string.h:30:8: note: expected 'char * restrict' but argument is of type 'char'
 char  *_EXFUN(strcpy,(char *__restrict, const char *__restrict));
        ^
At top level:
../src/helloworld.c:515:13: warning: 'UartLiteDisableIntrSystem' defined but not used [-Wunused-function]
 static void UartLiteDisableIntrSystem(INTC *IntcInstancePtr,
             ^~~~~~~~~~~~~~~~~~~~~~~~~
'Finished building: ../src/helloworld.c'
' '
'Building target: UGV_FINAL.elf'
'Invoking: ARM v7 gcc linker'
arm-none-eabi-gcc -mcpu=cortex-a9 -mfpu=vfpv3 -mfloat-abi=hard -Wl,-build-id=none -specs=Xilinx.spec -Wl,-T -Wl,../src/lscript.ld -L../../UGV_FINAL_bsp/ps7_cortexa9_0/lib -o "UGV_FINAL.elf"  ./src/helloworld.o ./src/platform.o   -Wl,--start-group,-lxil,-lgcc,-lc,--end-group
./src/helloworld.o: In function `main':
C:\Users\Sean\Documents\UGV_PROJECTS\UGV_FINAL\UGV_FINAL.sdk\UGV_FINAL\Debug/../src/helloworld.c:184: undefined reference to `GpioInit'
collect2.exe: error: ld returned 1 exit status
make: *** [UGV_FINAL.elf] Error 1
11:59:56 **** Auto Build of configuration Debug for project UGV_FINAL ****
make pre-build main-build 
a9-linaro-pre-build-step
' '
'Building file: ../src/mygpio.c'
'Invoking: ARM v7 gcc compiler'
arm-none-eabi-gcc -Wall -O0 -g3 -c -fmessage-length=0 -MT"src/mygpio.o" -mcpu=cortex-a9 -mfpu=vfpv3 -mfloat-abi=hard -I../../UGV_FINAL_bsp/ps7_cortexa9_0/include -MMD -MP -MF"src/mygpio.d" -MT"src/mygpio.o" -o "src/mygpio.o" "../src/mygpio.c"
'Finished building: ../src/mygpio.c'
' '
'Building target: UGV_FINAL.elf'
'Invoking: ARM v7 gcc linker'
arm-none-eabi-gcc -mcpu=cortex-a9 -mfpu=vfpv3 -mfloat-abi=hard -Wl,-build-id=none -specs=Xilinx.spec -Wl,-T -Wl,../src/lscript.ld -L../../UGV_FINAL_bsp/ps7_cortexa9_0/lib -o "UGV_FINAL.elf"  ./src/helloworld.o ./src/mygpio.o ./src/platform.o   -Wl,--start-group,-lxil,-lgcc,-lc,--end-group
./src/helloworld.o: In function `main':
C:\Users\Sean\Documents\UGV_PROJECTS\UGV_FINAL\UGV_FINAL.sdk\UGV_FINAL\Debug/../src/helloworld.c:184: undefined reference to `GpioInit'
collect2.exe: error: ld returned 1 exit status
make: *** [UGV_FINAL.elf] Error 1
12:01:26 **** Auto Build of configuration Debug for project UGV_FINAL ****
make pre-build main-build 
a9-linaro-pre-build-step
' '
'Building file: ../src/mygpio.c'
'Invoking: ARM v7 gcc compiler'
arm-none-eabi-gcc -Wall -O0 -g3 -c -fmessage-length=0 -MT"src/mygpio.o" -mcpu=cortex-a9 -mfpu=vfpv3 -mfloat-abi=hard -I../../UGV_FINAL_bsp/ps7_cortexa9_0/include -MMD -MP -MF"src/mygpio.d" -MT"src/mygpio.o" -o "src/mygpio.o" "../src/mygpio.c"
../src/mygpio.c: In function 'GpioInit':
../src/mygpio.c:18:13: warning: implicit declaration of function 'XGpio_Initialize' [-Wimplicit-function-declaration]
    Status = XGpio_Initialize(&GpioA, GPIO_DEVICE_ID);
             ^~~~~~~~~~~~~~~~
../src/mygpio.c:18:31: error: 'GpioA' undeclared (first use in this function)
    Status = XGpio_Initialize(&GpioA, GPIO_DEVICE_ID);
                               ^~~~~
../src/mygpio.c:18:31: note: each undeclared identifier is reported only once for each function it appears in
../src/mygpio.c:18:38: error: 'GPIO_DEVICE_ID' undeclared (first use in this function)
    Status = XGpio_Initialize(&GpioA, GPIO_DEVICE_ID);
                                      ^~~~~~~~~~~~~~
../src/mygpio.c:19:18: error: 'XST_SUCCESS' undeclared (first use in this function)
    if (Status != XST_SUCCESS)  {
                  ^~~~~~~~~~~
../src/mygpio.c:20:13: error: 'XST_FAILURE' undeclared (first use in this function)
      return XST_FAILURE;
             ^~~~~~~~~~~
../src/mygpio.c:24:4: warning: implicit declaration of function 'XGpio_SetDataDirection' [-Wimplicit-function-declaration]
    XGpio_SetDataDirection(&GpioA, 1, 0x00000000);
    ^~~~~~~~~~~~~~~~~~~~~~
../src/mygpio.c:25:4: warning: implicit declaration of function 'XGpio_DiscreteWrite' [-Wimplicit-function-declaration]
    XGpio_DiscreteWrite(&GpioA, 1, PIN_SERVO_COM);
    ^~~~~~~~~~~~~~~~~~~
../src/mygpio.c:25:35: error: 'PIN_SERVO_COM' undeclared (first use in this function)
    XGpio_DiscreteWrite(&GpioA, 1, PIN_SERVO_COM);
                                   ^~~~~~~~~~~~~
../src/mygpio.c: In function 'strobeEnable':
../src/mygpio.c:33:2: warning: implicit declaration of function 'XGpio_DiscreteClear' [-Wimplicit-function-declaration]
  XGpio_DiscreteClear(&GpioA, 1, PIN_SERVO_COM);
  ^~~~~~~~~~~~~~~~~~~
../src/mygpio.c:33:23: error: 'GpioA' undeclared (first use in this function)
  XGpio_DiscreteClear(&GpioA, 1, PIN_SERVO_COM);
                       ^~~~~
../src/mygpio.c:33:33: error: 'PIN_SERVO_COM' undeclared (first use in this function)
  XGpio_DiscreteClear(&GpioA, 1, PIN_SERVO_COM);
                                 ^~~~~~~~~~~~~
../src/mygpio.c: In function 'GpioInit':
../src/mygpio.c:28:1: warning: control reaches end of non-void function [-Wreturn-type]
 }
 ^
make: *** [src/mygpio.o] Error 1
12:01:40 **** Incremental Build of configuration Debug for project UGV_FINAL ****
make pre-build main-build 
a9-linaro-pre-build-step
' '
'Building file: ../src/mygpio.c'
'Invoking: ARM v7 gcc compiler'
arm-none-eabi-gcc -Wall -O0 -g3 -c -fmessage-length=0 -MT"src/mygpio.o" -mcpu=cortex-a9 -mfpu=vfpv3 -mfloat-abi=hard -I../../UGV_FINAL_bsp/ps7_cortexa9_0/include -MMD -MP -MF"src/mygpio.d" -MT"src/mygpio.o" -o "src/mygpio.o" "../src/mygpio.c"
../src/mygpio.c: In function 'GpioInit':
../src/mygpio.c:18:13: warning: implicit declaration of function 'XGpio_Initialize' [-Wimplicit-function-declaration]
    Status = XGpio_Initialize(&GpioA, GPIO_DEVICE_ID);
             ^~~~~~~~~~~~~~~~
../src/mygpio.c:18:31: error: 'GpioA' undeclared (first use in this function)
    Status = XGpio_Initialize(&GpioA, GPIO_DEVICE_ID);
                               ^~~~~
../src/mygpio.c:18:31: note: each undeclared identifier is reported only once for each function it appears in
../src/mygpio.c:18:38: error: 'GPIO_DEVICE_ID' undeclared (first use in this function)
    Status = XGpio_Initialize(&GpioA, GPIO_DEVICE_ID);
                                      ^~~~~~~~~~~~~~
../src/mygpio.c:19:18: error: 'XST_SUCCESS' undeclared (first use in this function)
    if (Status != XST_SUCCESS)  {
                  ^~~~~~~~~~~
../src/mygpio.c:20:13: error: 'XST_FAILURE' undeclared (first use in this function)
      return XST_FAILURE;
             ^~~~~~~~~~~
../src/mygpio.c:24:4: warning: implicit declaration of function 'XGpio_SetDataDirection' [-Wimplicit-function-declaration]
    XGpio_SetDataDirection(&GpioA, 1, 0x00000000);
    ^~~~~~~~~~~~~~~~~~~~~~
../src/mygpio.c:25:4: warning: implicit declaration of function 'XGpio_DiscreteWrite' [-Wimplicit-function-declaration]
    XGpio_DiscreteWrite(&GpioA, 1, PIN_SERVO_COM);
    ^~~~~~~~~~~~~~~~~~~
../src/mygpio.c:25:35: error: 'PIN_SERVO_COM' undeclared (first use in this function)
    XGpio_DiscreteWrite(&GpioA, 1, PIN_SERVO_COM);
                                   ^~~~~~~~~~~~~
../src/mygpio.c: In function 'strobeEnable':
../src/mygpio.c:33:2: warning: implicit declaration of function 'XGpio_DiscreteClear' [-Wimplicit-function-declaration]
  XGpio_DiscreteClear(&GpioA, 1, PIN_SERVO_COM);
  ^~~~~~~~~~~~~~~~~~~
../src/mygpio.c:33:23: error: 'GpioA' undeclared (first use in this function)
  XGpio_DiscreteClear(&GpioA, 1, PIN_SERVO_COM);
                       ^~~~~
../src/mygpio.c:33:33: error: 'PIN_SERVO_COM' undeclared (first use in this function)
  XGpio_DiscreteClear(&GpioA, 1, PIN_SERVO_COM);
                                 ^~~~~~~~~~~~~
../src/mygpio.c: In function 'GpioInit':
../src/mygpio.c:28:1: warning: control reaches end of non-void function [-Wreturn-type]
 }
 ^
make: *** [src/mygpio.o] Error 1
12:01:44 **** Auto Build of configuration Debug for project UGV_FINAL ****
make pre-build main-build 
a9-linaro-pre-build-step
' '
'Building file: ../src/helloworld.c'
'Invoking: ARM v7 gcc compiler'
arm-none-eabi-gcc -Wall -O0 -g3 -c -fmessage-length=0 -MT"src/helloworld.o" -mcpu=cortex-a9 -mfpu=vfpv3 -mfloat-abi=hard -I../../UGV_FINAL_bsp/ps7_cortexa9_0/include -MMD -MP -MF"src/helloworld.d" -MT"src/helloworld.o" -o "src/helloworld.o" "../src/helloworld.c"
../src/helloworld.c: In function 'Handler':
../src/helloworld.c:731:8: warning: assignment makes pointer from integer without a cast [-Wint-conversion]
      cs= get_checksum(message);
        ^
../src/helloworld.c:727:8: warning: variable 'checker' set but not used [-Wunused-but-set-variable]
     u8 checker[4];
        ^~~~~~~
../src/helloworld.c: In function 'get_checksum':
../src/helloworld.c:992:9: warning: passing argument 1 of 'strcpy' makes pointer from integer without a cast [-Wint-conversion]
  strcpy(digit,new);
         ^~~~~
In file included from c:\xilinx\sdk\2017.4\gnu\aarch32\nt\gcc-arm-none-eabi\arm-none-eabi\libc\usr\include\ctype.h:4:0,
                 from ../../UGV_FINAL_bsp/ps7_cortexa9_0/include/xil_printf.h:8,
                 from ../../UGV_FINAL_bsp/ps7_cortexa9_0/include/xil_io.h:65,
                 from ../../UGV_FINAL_bsp/ps7_cortexa9_0/include/xuartps_hw.h:73,
                 from ../../UGV_FINAL_bsp/ps7_cortexa9_0/include/xuartps.h:188,
                 from ../src/helloworld.c:15:
c:\xilinx\sdk\2017.4\gnu\aarch32\nt\gcc-arm-none-eabi\arm-none-eabi\libc\usr\include\string.h:30:8: note: expected 'char * restrict' but argument is of type 'char'
 char  *_EXFUN(strcpy,(char *__restrict, const char *__restrict));
        ^
At top level:
../src/helloworld.c:515:13: warning: 'UartLiteDisableIntrSystem' defined but not used [-Wunused-function]
 static void UartLiteDisableIntrSystem(INTC *IntcInstancePtr,
             ^~~~~~~~~~~~~~~~~~~~~~~~~
'Finished building: ../src/helloworld.c'
' '
'Building file: ../src/mygpio.c'
'Invoking: ARM v7 gcc compiler'
arm-none-eabi-gcc -Wall -O0 -g3 -c -fmessage-length=0 -MT"src/mygpio.o" -mcpu=cortex-a9 -mfpu=vfpv3 -mfloat-abi=hard -I../../UGV_FINAL_bsp/ps7_cortexa9_0/include -MMD -MP -MF"src/mygpio.d" -MT"src/mygpio.o" -o "src/mygpio.o" "../src/mygpio.c"
'Finished building: ../src/mygpio.c'
' '
'Building target: UGV_FINAL.elf'
'Invoking: ARM v7 gcc linker'
arm-none-eabi-gcc -mcpu=cortex-a9 -mfpu=vfpv3 -mfloat-abi=hard -Wl,-build-id=none -specs=Xilinx.spec -Wl,-T -Wl,../src/lscript.ld -L../../UGV_FINAL_bsp/ps7_cortexa9_0/lib -o "UGV_FINAL.elf"  ./src/helloworld.o ./src/mygpio.o ./src/platform.o   -Wl,--start-group,-lxil,-lgcc,-lc,--end-group
'Finished building target: UGV_FINAL.elf'
' '
'Invoking: ARM v7 Print Size'
arm-none-eabi-size UGV_FINAL.elf  |tee "UGV_FINAL.elf.size"
   text	   data	    bss	    dec	    hex	filename
  38020	   2804	  23032	  63856	   f970	UGV_FINAL.elf
'Finished building: UGV_FINAL.elf.size'
' '
12:04:06 **** Auto Build of configuration Debug for project UGV_FINAL ****
make pre-build main-build 
a9-linaro-pre-build-step
' '
'Building file: ../src/helloworld.c'
'Invoking: ARM v7 gcc compiler'
arm-none-eabi-gcc -Wall -O0 -g3 -c -fmessage-length=0 -MT"src/helloworld.o" -mcpu=cortex-a9 -mfpu=vfpv3 -mfloat-abi=hard -I../../UGV_FINAL_bsp/ps7_cortexa9_0/include -MMD -MP -MF"src/helloworld.d" -MT"src/helloworld.o" -o "src/helloworld.o" "../src/helloworld.c"
../src/helloworld.c: In function 'Handler':
../src/helloworld.c:731:8: warning: assignment makes pointer from integer without a cast [-Wint-conversion]
      cs= get_checksum(message);
        ^
../src/helloworld.c:727:8: warning: variable 'checker' set but not used [-Wunused-but-set-variable]
     u8 checker[4];
        ^~~~~~~
../src/helloworld.c: In function 'get_checksum':
../src/helloworld.c:992:9: warning: passing argument 1 of 'strcpy' makes pointer from integer without a cast [-Wint-conversion]
  strcpy(digit,new);
         ^~~~~
In file included from c:\xilinx\sdk\2017.4\gnu\aarch32\nt\gcc-arm-none-eabi\arm-none-eabi\libc\usr\include\ctype.h:4:0,
                 from ../../UGV_FINAL_bsp/ps7_cortexa9_0/include/xil_printf.h:8,
                 from ../../UGV_FINAL_bsp/ps7_cortexa9_0/include/xil_io.h:65,
                 from ../../UGV_FINAL_bsp/ps7_cortexa9_0/include/xuartps_hw.h:73,
                 from ../../UGV_FINAL_bsp/ps7_cortexa9_0/include/xuartps.h:188,
                 from ../src/helloworld.c:15:
c:\xilinx\sdk\2017.4\gnu\aarch32\nt\gcc-arm-none-eabi\arm-none-eabi\libc\usr\include\string.h:30:8: note: expected 'char * restrict' but argument is of type 'char'
 char  *_EXFUN(strcpy,(char *__restrict, const char *__restrict));
        ^
At top level:
../src/helloworld.c:515:13: warning: 'UartLiteDisableIntrSystem' defined but not used [-Wunused-function]
 static void UartLiteDisableIntrSystem(INTC *IntcInstancePtr,
             ^~~~~~~~~~~~~~~~~~~~~~~~~
'Finished building: ../src/helloworld.c'
' '
'Building file: ../src/mygpio.c'
'Invoking: ARM v7 gcc compiler'
arm-none-eabi-gcc -Wall -O0 -g3 -c -fmessage-length=0 -MT"src/mygpio.o" -mcpu=cortex-a9 -mfpu=vfpv3 -mfloat-abi=hard -I../../UGV_FINAL_bsp/ps7_cortexa9_0/include -MMD -MP -MF"src/mygpio.d" -MT"src/mygpio.o" -o "src/mygpio.o" "../src/mygpio.c"
'Finished building: ../src/mygpio.c'
' '
'Building target: UGV_FINAL.elf'
'Invoking: ARM v7 gcc linker'
arm-none-eabi-gcc -mcpu=cortex-a9 -mfpu=vfpv3 -mfloat-abi=hard -Wl,-build-id=none -specs=Xilinx.spec -Wl,-T -Wl,../src/lscript.ld -L../../UGV_FINAL_bsp/ps7_cortexa9_0/lib -o "UGV_FINAL.elf"  ./src/helloworld.o ./src/mygpio.o ./src/platform.o   -Wl,--start-group,-lxil,-lgcc,-lc,--end-group
'Finished building target: UGV_FINAL.elf'
' '
'Invoking: ARM v7 Print Size'
arm-none-eabi-size UGV_FINAL.elf  |tee "UGV_FINAL.elf.size"
   text	   data	    bss	    dec	    hex	filename
  38020	   2804	  23032	  63856	   f970	UGV_FINAL.elf
'Finished building: UGV_FINAL.elf.size'
' '
12:04:46 **** Auto Build of configuration Debug for project UGV_FINAL ****
make pre-build main-build 
a9-linaro-pre-build-step
' '
'Building file: ../src/mygpio.c'
'Invoking: ARM v7 gcc compiler'
arm-none-eabi-gcc -Wall -O0 -g3 -c -fmessage-length=0 -MT"src/mygpio.o" -mcpu=cortex-a9 -mfpu=vfpv3 -mfloat-abi=hard -I../../UGV_FINAL_bsp/ps7_cortexa9_0/include -MMD -MP -MF"src/mygpio.d" -MT"src/mygpio.o" -o "src/mygpio.o" "../src/mygpio.c"
'Finished building: ../src/mygpio.c'
' '
'Building target: UGV_FINAL.elf'
'Invoking: ARM v7 gcc linker'
arm-none-eabi-gcc -mcpu=cortex-a9 -mfpu=vfpv3 -mfloat-abi=hard -Wl,-build-id=none -specs=Xilinx.spec -Wl,-T -Wl,../src/lscript.ld -L../../UGV_FINAL_bsp/ps7_cortexa9_0/lib -o "UGV_FINAL.elf"  ./src/helloworld.o ./src/mygpio.o ./src/platform.o   -Wl,--start-group,-lxil,-lgcc,-lc,--end-group
'Finished building target: UGV_FINAL.elf'
' '
'Invoking: ARM v7 Print Size'
arm-none-eabi-size UGV_FINAL.elf  |tee "UGV_FINAL.elf.size"
   text	   data	    bss	    dec	    hex	filename
  38020	   2804	  23032	  63856	   f970	UGV_FINAL.elf
'Finished building: UGV_FINAL.elf.size'
' '
12:05:23 **** Auto Build of configuration Debug for project UGV_FINAL ****
make pre-build main-build 
a9-linaro-pre-build-step
' '
'Building file: ../src/helloworld.c'
'Invoking: ARM v7 gcc compiler'
arm-none-eabi-gcc -Wall -O0 -g3 -c -fmessage-length=0 -MT"src/helloworld.o" -mcpu=cortex-a9 -mfpu=vfpv3 -mfloat-abi=hard -I../../UGV_FINAL_bsp/ps7_cortexa9_0/include -MMD -MP -MF"src/helloworld.d" -MT"src/helloworld.o" -o "src/helloworld.o" "../src/helloworld.c"
../src/helloworld.c: In function 'Handler':
../src/helloworld.c:731:8: warning: assignment makes pointer from integer without a cast [-Wint-conversion]
      cs= get_checksum(message);
        ^
../src/helloworld.c:727:8: warning: variable 'checker' set but not used [-Wunused-but-set-variable]
     u8 checker[4];
        ^~~~~~~
../src/helloworld.c: In function 'get_checksum':
../src/helloworld.c:992:9: warning: passing argument 1 of 'strcpy' makes pointer from integer without a cast [-Wint-conversion]
  strcpy(digit,new);
         ^~~~~
In file included from c:\xilinx\sdk\2017.4\gnu\aarch32\nt\gcc-arm-none-eabi\arm-none-eabi\libc\usr\include\ctype.h:4:0,
                 from ../../UGV_FINAL_bsp/ps7_cortexa9_0/include/xil_printf.h:8,
                 from ../../UGV_FINAL_bsp/ps7_cortexa9_0/include/xil_io.h:65,
                 from ../../UGV_FINAL_bsp/ps7_cortexa9_0/include/xuartps_hw.h:73,
                 from ../../UGV_FINAL_bsp/ps7_cortexa9_0/include/xuartps.h:188,
                 from ../src/helloworld.c:15:
c:\xilinx\sdk\2017.4\gnu\aarch32\nt\gcc-arm-none-eabi\arm-none-eabi\libc\usr\include\string.h:30:8: note: expected 'char * restrict' but argument is of type 'char'
 char  *_EXFUN(strcpy,(char *__restrict, const char *__restrict));
        ^
At top level:
../src/helloworld.c:515:13: warning: 'UartLiteDisableIntrSystem' defined but not used [-Wunused-function]
 static void UartLiteDisableIntrSystem(INTC *IntcInstancePtr,
             ^~~~~~~~~~~~~~~~~~~~~~~~~
'Finished building: ../src/helloworld.c'
' '
'Building target: UGV_FINAL.elf'
'Invoking: ARM v7 gcc linker'
arm-none-eabi-gcc -mcpu=cortex-a9 -mfpu=vfpv3 -mfloat-abi=hard -Wl,-build-id=none -specs=Xilinx.spec -Wl,-T -Wl,../src/lscript.ld -L../../UGV_FINAL_bsp/ps7_cortexa9_0/lib -o "UGV_FINAL.elf"  ./src/helloworld.o ./src/mygpio.o ./src/platform.o   -Wl,--start-group,-lxil,-lgcc,-lc,--end-group
'Finished building target: UGV_FINAL.elf'
' '
'Invoking: ARM v7 Print Size'
arm-none-eabi-size UGV_FINAL.elf  |tee "UGV_FINAL.elf.size"
   text	   data	    bss	    dec	    hex	filename
  38020	   2804	  23032	  63856	   f970	UGV_FINAL.elf
'Finished building: UGV_FINAL.elf.size'
' '
12:05:33 **** Auto Build of configuration Debug for project UGV_FINAL ****
make pre-build main-build 
a9-linaro-pre-build-step
' '
'Building file: ../src/helloworld.c'
'Invoking: ARM v7 gcc compiler'
arm-none-eabi-gcc -Wall -O0 -g3 -c -fmessage-length=0 -MT"src/helloworld.o" -mcpu=cortex-a9 -mfpu=vfpv3 -mfloat-abi=hard -I../../UGV_FINAL_bsp/ps7_cortexa9_0/include -MMD -MP -MF"src/helloworld.d" -MT"src/helloworld.o" -o "src/helloworld.o" "../src/helloworld.c"
../src/helloworld.c: In function 'Handler':
../src/helloworld.c:731:8: warning: assignment makes pointer from integer without a cast [-Wint-conversion]
      cs= get_checksum(message);
        ^
../src/helloworld.c:727:8: warning: variable 'checker' set but not used [-Wunused-but-set-variable]
     u8 checker[4];
        ^~~~~~~
../src/helloworld.c: In function 'get_checksum':
../src/helloworld.c:992:9: warning: passing argument 1 of 'strcpy' makes pointer from integer without a cast [-Wint-conversion]
  strcpy(digit,new);
         ^~~~~
In file included from c:\xilinx\sdk\2017.4\gnu\aarch32\nt\gcc-arm-none-eabi\arm-none-eabi\libc\usr\include\ctype.h:4:0,
                 from ../../UGV_FINAL_bsp/ps7_cortexa9_0/include/xil_printf.h:8,
                 from ../../UGV_FINAL_bsp/ps7_cortexa9_0/include/xil_io.h:65,
                 from ../../UGV_FINAL_bsp/ps7_cortexa9_0/include/xuartps_hw.h:73,
                 from ../../UGV_FINAL_bsp/ps7_cortexa9_0/include/xuartps.h:188,
                 from ../src/helloworld.c:15:
c:\xilinx\sdk\2017.4\gnu\aarch32\nt\gcc-arm-none-eabi\arm-none-eabi\libc\usr\include\string.h:30:8: note: expected 'char * restrict' but argument is of type 'char'
 char  *_EXFUN(strcpy,(char *__restrict, const char *__restrict));
        ^
At top level:
../src/helloworld.c:515:13: warning: 'UartLiteDisableIntrSystem' defined but not used [-Wunused-function]
 static void UartLiteDisableIntrSystem(INTC *IntcInstancePtr,
             ^~~~~~~~~~~~~~~~~~~~~~~~~
'Finished building: ../src/helloworld.c'
' '
'Building target: UGV_FINAL.elf'
'Invoking: ARM v7 gcc linker'
arm-none-eabi-gcc -mcpu=cortex-a9 -mfpu=vfpv3 -mfloat-abi=hard -Wl,-build-id=none -specs=Xilinx.spec -Wl,-T -Wl,../src/lscript.ld -L../../UGV_FINAL_bsp/ps7_cortexa9_0/lib -o "UGV_FINAL.elf"  ./src/helloworld.o ./src/mygpio.o ./src/platform.o   -Wl,--start-group,-lxil,-lgcc,-lc,--end-group
'Finished building target: UGV_FINAL.elf'
' '
'Invoking: ARM v7 Print Size'
arm-none-eabi-size UGV_FINAL.elf  |tee "UGV_FINAL.elf.size"
   text	   data	    bss	    dec	    hex	filename
  38020	   2804	  23032	  63856	   f970	UGV_FINAL.elf
'Finished building: UGV_FINAL.elf.size'
' '
12:47:18 **** Auto Build of configuration Debug for project UGV_FINAL ****
make pre-build main-build 
a9-linaro-pre-build-step
' '
'Building file: ../src/helloworld.c'
'Invoking: ARM v7 gcc compiler'
arm-none-eabi-gcc -Wall -O0 -g3 -c -fmessage-length=0 -MT"src/helloworld.o" -mcpu=cortex-a9 -mfpu=vfpv3 -mfloat-abi=hard -I../../UGV_FINAL_bsp/ps7_cortexa9_0/include -MMD -MP -MF"src/helloworld.d" -MT"src/helloworld.o" -o "src/helloworld.o" "../src/helloworld.c"
../src/helloworld.c: In function 'Handler':
../src/helloworld.c:747:8: warning: assignment makes pointer from integer without a cast [-Wint-conversion]
      cs= get_checksum(message);
        ^
../src/helloworld.c:743:8: warning: variable 'checker' set but not used [-Wunused-but-set-variable]
     u8 checker[4];
        ^~~~~~~
../src/helloworld.c: In function 'process_data':
../src/helloworld.c:989:23: error: 'SERVO_CCW_LIMIT' undeclared (first use in this function)
   if (servoPosition < SERVO_CCW_LIMIT)
                       ^~~~~~~~~~~~~~~
../src/helloworld.c:989:23: note: each undeclared identifier is reported only once for each function it appears in
../src/helloworld.c: In function 'get_checksum':
../src/helloworld.c:1008:9: warning: passing argument 1 of 'strcpy' makes pointer from integer without a cast [-Wint-conversion]
  strcpy(digit,new);
         ^~~~~
In file included from c:\xilinx\sdk\2017.4\gnu\aarch32\nt\gcc-arm-none-eabi\arm-none-eabi\libc\usr\include\ctype.h:4:0,
                 from ../../UGV_FINAL_bsp/ps7_cortexa9_0/include/xil_printf.h:8,
                 from ../../UGV_FINAL_bsp/ps7_cortexa9_0/include/xil_io.h:65,
                 from ../../UGV_FINAL_bsp/ps7_cortexa9_0/include/xuartps_hw.h:73,
                 from ../../UGV_FINAL_bsp/ps7_cortexa9_0/include/xuartps.h:188,
                 from ../src/helloworld.c:15:
c:\xilinx\sdk\2017.4\gnu\aarch32\nt\gcc-arm-none-eabi\arm-none-eabi\libc\usr\include\string.h:30:8: note: expected 'char * restrict' but argument is of type 'char'
 char  *_EXFUN(strcpy,(char *__restrict, const char *__restrict));
        ^
At top level:
../src/helloworld.c:531:13: warning: 'UartLiteDisableIntrSystem' defined but not used [-Wunused-function]
 static void UartLiteDisableIntrSystem(INTC *IntcInstancePtr,
             ^~~~~~~~~~~~~~~~~~~~~~~~~
make: *** [src/helloworld.o] Error 1
12:48:31 **** Auto Build of configuration Debug for project UGV_FINAL ****
make pre-build main-build 
a9-linaro-pre-build-step
' '
'Building file: ../src/helloworld.c'
'Invoking: ARM v7 gcc compiler'
arm-none-eabi-gcc -Wall -O0 -g3 -c -fmessage-length=0 -MT"src/helloworld.o" -mcpu=cortex-a9 -mfpu=vfpv3 -mfloat-abi=hard -I../../UGV_FINAL_bsp/ps7_cortexa9_0/include -MMD -MP -MF"src/helloworld.d" -MT"src/helloworld.o" -o "src/helloworld.o" "../src/helloworld.c"
../src/helloworld.c: In function 'Handler':
../src/helloworld.c:747:8: warning: assignment makes pointer from integer without a cast [-Wint-conversion]
      cs= get_checksum(message);
        ^
../src/helloworld.c:743:8: warning: variable 'checker' set but not used [-Wunused-but-set-variable]
     u8 checker[4];
        ^~~~~~~
../src/helloworld.c: In function 'get_checksum':
../src/helloworld.c:1008:9: warning: passing argument 1 of 'strcpy' makes pointer from integer without a cast [-Wint-conversion]
  strcpy(digit,new);
         ^~~~~
In file included from c:\xilinx\sdk\2017.4\gnu\aarch32\nt\gcc-arm-none-eabi\arm-none-eabi\libc\usr\include\ctype.h:4:0,
                 from ../../UGV_FINAL_bsp/ps7_cortexa9_0/include/xil_printf.h:8,
                 from ../../UGV_FINAL_bsp/ps7_cortexa9_0/include/xil_io.h:65,
                 from ../../UGV_FINAL_bsp/ps7_cortexa9_0/include/xuartps_hw.h:73,
                 from ../../UGV_FINAL_bsp/ps7_cortexa9_0/include/xuartps.h:188,
                 from ../src/helloworld.c:15:
c:\xilinx\sdk\2017.4\gnu\aarch32\nt\gcc-arm-none-eabi\arm-none-eabi\libc\usr\include\string.h:30:8: note: expected 'char * restrict' but argument is of type 'char'
 char  *_EXFUN(strcpy,(char *__restrict, const char *__restrict));
        ^
At top level:
../src/helloworld.c:531:13: warning: 'UartLiteDisableIntrSystem' defined but not used [-Wunused-function]
 static void UartLiteDisableIntrSystem(INTC *IntcInstancePtr,
             ^~~~~~~~~~~~~~~~~~~~~~~~~
'Finished building: ../src/helloworld.c'
' '
'Building target: UGV_FINAL.elf'
'Invoking: ARM v7 gcc linker'
arm-none-eabi-gcc -mcpu=cortex-a9 -mfpu=vfpv3 -mfloat-abi=hard -Wl,-build-id=none -specs=Xilinx.spec -Wl,-T -Wl,../src/lscript.ld -L../../UGV_FINAL_bsp/ps7_cortexa9_0/lib -o "UGV_FINAL.elf"  ./src/helloworld.o ./src/mygpio.o ./src/platform.o   -Wl,--start-group,-lxil,-lgcc,-lc,--end-group
'Finished building target: UGV_FINAL.elf'
' '
'Invoking: ARM v7 Print Size'
arm-none-eabi-size UGV_FINAL.elf  |tee "UGV_FINAL.elf.size"
   text	   data	    bss	    dec	    hex	filename
  38020	   2804	  23048	  63872	   f980	UGV_FINAL.elf
'Finished building: UGV_FINAL.elf.size'
' '
12:49:23 **** Auto Build of configuration Debug for project UGV_FINAL ****
make pre-build main-build 
a9-linaro-pre-build-step
' '
'Building file: ../src/helloworld.c'
'Invoking: ARM v7 gcc compiler'
arm-none-eabi-gcc -Wall -O0 -g3 -c -fmessage-length=0 -MT"src/helloworld.o" -mcpu=cortex-a9 -mfpu=vfpv3 -mfloat-abi=hard -I../../UGV_FINAL_bsp/ps7_cortexa9_0/include -MMD -MP -MF"src/helloworld.d" -MT"src/helloworld.o" -o "src/helloworld.o" "../src/helloworld.c"
../src/helloworld.c: In function 'Handler':
../src/helloworld.c:747:8: warning: assignment makes pointer from integer without a cast [-Wint-conversion]
      cs= get_checksum(message);
        ^
../src/helloworld.c:743:8: warning: variable 'checker' set but not used [-Wunused-but-set-variable]
     u8 checker[4];
        ^~~~~~~
../src/helloworld.c: In function 'get_checksum':
../src/helloworld.c:1008:9: warning: passing argument 1 of 'strcpy' makes pointer from integer without a cast [-Wint-conversion]
  strcpy(digit,new);
         ^~~~~
In file included from c:\xilinx\sdk\2017.4\gnu\aarch32\nt\gcc-arm-none-eabi\arm-none-eabi\libc\usr\include\ctype.h:4:0,
                 from ../../UGV_FINAL_bsp/ps7_cortexa9_0/include/xil_printf.h:8,
                 from ../../UGV_FINAL_bsp/ps7_cortexa9_0/include/xil_io.h:65,
                 from ../../UGV_FINAL_bsp/ps7_cortexa9_0/include/xuartps_hw.h:73,
                 from ../../UGV_FINAL_bsp/ps7_cortexa9_0/include/xuartps.h:188,
                 from ../src/helloworld.c:15:
c:\xilinx\sdk\2017.4\gnu\aarch32\nt\gcc-arm-none-eabi\arm-none-eabi\libc\usr\include\string.h:30:8: note: expected 'char * restrict' but argument is of type 'char'
 char  *_EXFUN(strcpy,(char *__restrict, const char *__restrict));
        ^
At top level:
../src/helloworld.c:531:13: warning: 'UartLiteDisableIntrSystem' defined but not used [-Wunused-function]
 static void UartLiteDisableIntrSystem(INTC *IntcInstancePtr,
             ^~~~~~~~~~~~~~~~~~~~~~~~~
'Finished building: ../src/helloworld.c'
' '
'Building target: UGV_FINAL.elf'
'Invoking: ARM v7 gcc linker'
arm-none-eabi-gcc -mcpu=cortex-a9 -mfpu=vfpv3 -mfloat-abi=hard -Wl,-build-id=none -specs=Xilinx.spec -Wl,-T -Wl,../src/lscript.ld -L../../UGV_FINAL_bsp/ps7_cortexa9_0/lib -o "UGV_FINAL.elf"  ./src/helloworld.o ./src/mygpio.o ./src/platform.o   -Wl,--start-group,-lxil,-lgcc,-lc,--end-group
'Finished building target: UGV_FINAL.elf'
' '
'Invoking: ARM v7 Print Size'
arm-none-eabi-size UGV_FINAL.elf  |tee "UGV_FINAL.elf.size"
   text	   data	    bss	    dec	    hex	filename
  38020	   2804	  23048	  63872	   f980	UGV_FINAL.elf
'Finished building: UGV_FINAL.elf.size'
' '
12:50:10 **** Auto Build of configuration Debug for project UGV_FINAL ****
make pre-build main-build 
a9-linaro-pre-build-step
' '
'Building file: ../src/helloworld.c'
'Invoking: ARM v7 gcc compiler'
arm-none-eabi-gcc -Wall -O0 -g3 -c -fmessage-length=0 -MT"src/helloworld.o" -mcpu=cortex-a9 -mfpu=vfpv3 -mfloat-abi=hard -I../../UGV_FINAL_bsp/ps7_cortexa9_0/include -MMD -MP -MF"src/helloworld.d" -MT"src/helloworld.o" -o "src/helloworld.o" "../src/helloworld.c"
../src/helloworld.c: In function 'Handler':
../src/helloworld.c:747:8: warning: assignment makes pointer from integer without a cast [-Wint-conversion]
      cs= get_checksum(message);
        ^
../src/helloworld.c:743:8: warning: variable 'checker' set but not used [-Wunused-but-set-variable]
     u8 checker[4];
        ^~~~~~~
../src/helloworld.c: In function 'get_checksum':
../src/helloworld.c:1008:9: warning: passing argument 1 of 'strcpy' makes pointer from integer without a cast [-Wint-conversion]
  strcpy(digit,new);
         ^~~~~
In file included from c:\xilinx\sdk\2017.4\gnu\aarch32\nt\gcc-arm-none-eabi\arm-none-eabi\libc\usr\include\ctype.h:4:0,
                 from ../../UGV_FINAL_bsp/ps7_cortexa9_0/include/xil_printf.h:8,
                 from ../../UGV_FINAL_bsp/ps7_cortexa9_0/include/xil_io.h:65,
                 from ../../UGV_FINAL_bsp/ps7_cortexa9_0/include/xuartps_hw.h:73,
                 from ../../UGV_FINAL_bsp/ps7_cortexa9_0/include/xuartps.h:188,
                 from ../src/helloworld.c:15:
c:\xilinx\sdk\2017.4\gnu\aarch32\nt\gcc-arm-none-eabi\arm-none-eabi\libc\usr\include\string.h:30:8: note: expected 'char * restrict' but argument is of type 'char'
 char  *_EXFUN(strcpy,(char *__restrict, const char *__restrict));
        ^
At top level:
../src/helloworld.c:531:13: warning: 'UartLiteDisableIntrSystem' defined but not used [-Wunused-function]
 static void UartLiteDisableIntrSystem(INTC *IntcInstancePtr,
             ^~~~~~~~~~~~~~~~~~~~~~~~~
'Finished building: ../src/helloworld.c'
' '
'Building target: UGV_FINAL.elf'
'Invoking: ARM v7 gcc linker'
arm-none-eabi-gcc -mcpu=cortex-a9 -mfpu=vfpv3 -mfloat-abi=hard -Wl,-build-id=none -specs=Xilinx.spec -Wl,-T -Wl,../src/lscript.ld -L../../UGV_FINAL_bsp/ps7_cortexa9_0/lib -o "UGV_FINAL.elf"  ./src/helloworld.o ./src/mygpio.o ./src/platform.o   -Wl,--start-group,-lxil,-lgcc,-lc,--end-group
'Finished building target: UGV_FINAL.elf'
' '
'Invoking: ARM v7 Print Size'
arm-none-eabi-size UGV_FINAL.elf  |tee "UGV_FINAL.elf.size"
   text	   data	    bss	    dec	    hex	filename
  38020	   2804	  23048	  63872	   f980	UGV_FINAL.elf
'Finished building: UGV_FINAL.elf.size'
' '
12:50:22 **** Auto Build of configuration Debug for project UGV_FINAL ****
make pre-build main-build 
a9-linaro-pre-build-step
' '
'Building file: ../src/helloworld.c'
'Invoking: ARM v7 gcc compiler'
arm-none-eabi-gcc -Wall -O0 -g3 -c -fmessage-length=0 -MT"src/helloworld.o" -mcpu=cortex-a9 -mfpu=vfpv3 -mfloat-abi=hard -I../../UGV_FINAL_bsp/ps7_cortexa9_0/include -MMD -MP -MF"src/helloworld.d" -MT"src/helloworld.o" -o "src/helloworld.o" "../src/helloworld.c"
../src/helloworld.c: In function 'Handler':
../src/helloworld.c:747:8: warning: assignment makes pointer from integer without a cast [-Wint-conversion]
      cs= get_checksum(message);
        ^
../src/helloworld.c:743:8: warning: variable 'checker' set but not used [-Wunused-but-set-variable]
     u8 checker[4];
        ^~~~~~~
../src/helloworld.c: In function 'get_checksum':
../src/helloworld.c:1008:9: warning: passing argument 1 of 'strcpy' makes pointer from integer without a cast [-Wint-conversion]
  strcpy(digit,new);
         ^~~~~
In file included from c:\xilinx\sdk\2017.4\gnu\aarch32\nt\gcc-arm-none-eabi\arm-none-eabi\libc\usr\include\ctype.h:4:0,
                 from ../../UGV_FINAL_bsp/ps7_cortexa9_0/include/xil_printf.h:8,
                 from ../../UGV_FINAL_bsp/ps7_cortexa9_0/include/xil_io.h:65,
                 from ../../UGV_FINAL_bsp/ps7_cortexa9_0/include/xuartps_hw.h:73,
                 from ../../UGV_FINAL_bsp/ps7_cortexa9_0/include/xuartps.h:188,
                 from ../src/helloworld.c:15:
c:\xilinx\sdk\2017.4\gnu\aarch32\nt\gcc-arm-none-eabi\arm-none-eabi\libc\usr\include\string.h:30:8: note: expected 'char * restrict' but argument is of type 'char'
 char  *_EXFUN(strcpy,(char *__restrict, const char *__restrict));
        ^
At top level:
../src/helloworld.c:531:13: warning: 'UartLiteDisableIntrSystem' defined but not used [-Wunused-function]
 static void UartLiteDisableIntrSystem(INTC *IntcInstancePtr,
             ^~~~~~~~~~~~~~~~~~~~~~~~~
'Finished building: ../src/helloworld.c'
' '
'Building target: UGV_FINAL.elf'
'Invoking: ARM v7 gcc linker'
arm-none-eabi-gcc -mcpu=cortex-a9 -mfpu=vfpv3 -mfloat-abi=hard -Wl,-build-id=none -specs=Xilinx.spec -Wl,-T -Wl,../src/lscript.ld -L../../UGV_FINAL_bsp/ps7_cortexa9_0/lib -o "UGV_FINAL.elf"  ./src/helloworld.o ./src/mygpio.o ./src/platform.o   -Wl,--start-group,-lxil,-lgcc,-lc,--end-group
'Finished building target: UGV_FINAL.elf'
' '
'Invoking: ARM v7 Print Size'
arm-none-eabi-size UGV_FINAL.elf  |tee "UGV_FINAL.elf.size"
   text	   data	    bss	    dec	    hex	filename
  38020	   2804	  23048	  63872	   f980	UGV_FINAL.elf
'Finished building: UGV_FINAL.elf.size'
' '
12:52:00 **** Auto Build of configuration Debug for project UGV_FINAL ****
make pre-build main-build 
a9-linaro-pre-build-step
' '
'Building file: ../src/helloworld.c'
'Invoking: ARM v7 gcc compiler'
arm-none-eabi-gcc -Wall -O0 -g3 -c -fmessage-length=0 -MT"src/helloworld.o" -mcpu=cortex-a9 -mfpu=vfpv3 -mfloat-abi=hard -I../../UGV_FINAL_bsp/ps7_cortexa9_0/include -MMD -MP -MF"src/helloworld.d" -MT"src/helloworld.o" -o "src/helloworld.o" "../src/helloworld.c"
../src/helloworld.c: In function 'Handler':
../src/helloworld.c:749:8: warning: assignment makes pointer from integer without a cast [-Wint-conversion]
      cs= get_checksum(message);
        ^
../src/helloworld.c:745:8: warning: variable 'checker' set but not used [-Wunused-but-set-variable]
     u8 checker[4];
        ^~~~~~~
../src/helloworld.c: In function 'get_checksum':
../src/helloworld.c:1010:9: warning: passing argument 1 of 'strcpy' makes pointer from integer without a cast [-Wint-conversion]
  strcpy(digit,new);
         ^~~~~
In file included from c:\xilinx\sdk\2017.4\gnu\aarch32\nt\gcc-arm-none-eabi\arm-none-eabi\libc\usr\include\ctype.h:4:0,
                 from ../../UGV_FINAL_bsp/ps7_cortexa9_0/include/xil_printf.h:8,
                 from ../../UGV_FINAL_bsp/ps7_cortexa9_0/include/xil_io.h:65,
                 from ../../UGV_FINAL_bsp/ps7_cortexa9_0/include/xuartps_hw.h:73,
                 from ../../UGV_FINAL_bsp/ps7_cortexa9_0/include/xuartps.h:188,
                 from ../src/helloworld.c:15:
c:\xilinx\sdk\2017.4\gnu\aarch32\nt\gcc-arm-none-eabi\arm-none-eabi\libc\usr\include\string.h:30:8: note: expected 'char * restrict' but argument is of type 'char'
 char  *_EXFUN(strcpy,(char *__restrict, const char *__restrict));
        ^
At top level:
../src/helloworld.c:533:13: warning: 'UartLiteDisableIntrSystem' defined but not used [-Wunused-function]
 static void UartLiteDisableIntrSystem(INTC *IntcInstancePtr,
             ^~~~~~~~~~~~~~~~~~~~~~~~~
'Finished building: ../src/helloworld.c'
' '
'Building target: UGV_FINAL.elf'
'Invoking: ARM v7 gcc linker'
arm-none-eabi-gcc -mcpu=cortex-a9 -mfpu=vfpv3 -mfloat-abi=hard -Wl,-build-id=none -specs=Xilinx.spec -Wl,-T -Wl,../src/lscript.ld -L../../UGV_FINAL_bsp/ps7_cortexa9_0/lib -o "UGV_FINAL.elf"  ./src/helloworld.o ./src/mygpio.o ./src/platform.o   -Wl,--start-group,-lxil,-lgcc,-lc,--end-group
'Finished building target: UGV_FINAL.elf'
' '
'Invoking: ARM v7 Print Size'
arm-none-eabi-size UGV_FINAL.elf  |tee "UGV_FINAL.elf.size"
   text	   data	    bss	    dec	    hex	filename
  38020	   2804	  23048	  63872	   f980	UGV_FINAL.elf
'Finished building: UGV_FINAL.elf.size'
' '
13:09:45 **** Auto Build of configuration Debug for project UGV_FINAL ****
make pre-build main-build 
a9-linaro-pre-build-step
' '
'Building file: ../src/helloworld.c'
'Invoking: ARM v7 gcc compiler'
arm-none-eabi-gcc -Wall -O0 -g3 -c -fmessage-length=0 -MT"src/helloworld.o" -mcpu=cortex-a9 -mfpu=vfpv3 -mfloat-abi=hard -I../../UGV_FINAL_bsp/ps7_cortexa9_0/include -MMD -MP -MF"src/helloworld.d" -MT"src/helloworld.o" -o "src/helloworld.o" "../src/helloworld.c"
../src/helloworld.c: In function 'Handler':
../src/helloworld.c:751:8: warning: assignment makes pointer from integer without a cast [-Wint-conversion]
      cs= get_checksum(message);
        ^
../src/helloworld.c:747:8: warning: variable 'checker' set but not used [-Wunused-but-set-variable]
     u8 checker[4];
        ^~~~~~~
../src/helloworld.c: In function 'get_checksum':
../src/helloworld.c:1012:9: warning: passing argument 1 of 'strcpy' makes pointer from integer without a cast [-Wint-conversion]
  strcpy(digit,new);
         ^~~~~
In file included from c:\xilinx\sdk\2017.4\gnu\aarch32\nt\gcc-arm-none-eabi\arm-none-eabi\libc\usr\include\ctype.h:4:0,
                 from ../../UGV_FINAL_bsp/ps7_cortexa9_0/include/xil_printf.h:8,
                 from ../../UGV_FINAL_bsp/ps7_cortexa9_0/include/xil_io.h:65,
                 from ../../UGV_FINAL_bsp/ps7_cortexa9_0/include/xuartps_hw.h:73,
                 from ../../UGV_FINAL_bsp/ps7_cortexa9_0/include/xuartps.h:188,
                 from ../src/helloworld.c:15:
c:\xilinx\sdk\2017.4\gnu\aarch32\nt\gcc-arm-none-eabi\arm-none-eabi\libc\usr\include\string.h:30:8: note: expected 'char * restrict' but argument is of type 'char'
 char  *_EXFUN(strcpy,(char *__restrict, const char *__restrict));
        ^
../src/helloworld.c: In function 'DynamixelResetRoutine':
../src/helloworld.c:1099:3: error: too few arguments to function 'Dynamixel_Goal_Position_Write'
   Dynamixel_Goal_Position_Write(id,value);
   ^~~~~~~~~~~~~~~~~~~~~~~~~~~~~
../src/helloworld.c:1051:6: note: declared here
 void Dynamixel_Goal_Position_Write (u8 id,u16 position,u16 speed)
      ^~~~~~~~~~~~~~~~~~~~~~~~~~~~~
../src/helloworld.c: In function 'Stepper2ResetRoutine':
../src/helloworld.c:1129:4: warning: implicit declaration of function 'StepperBBWD' [-Wimplicit-function-declaration]
    StepperBBWD();
    ^~~~~~~~~~~
At top level:
../src/helloworld.c:535:13: warning: 'UartLiteDisableIntrSystem' defined but not used [-Wunused-function]
 static void UartLiteDisableIntrSystem(INTC *IntcInstancePtr,
             ^~~~~~~~~~~~~~~~~~~~~~~~~
make: *** [src/helloworld.o] Error 1
13:11:14 **** Auto Build of configuration Debug for project UGV_FINAL ****
make pre-build main-build 
a9-linaro-pre-build-step
' '
'Building file: ../src/helloworld.c'
'Invoking: ARM v7 gcc compiler'
arm-none-eabi-gcc -Wall -O0 -g3 -c -fmessage-length=0 -MT"src/helloworld.o" -mcpu=cortex-a9 -mfpu=vfpv3 -mfloat-abi=hard -I../../UGV_FINAL_bsp/ps7_cortexa9_0/include -MMD -MP -MF"src/helloworld.d" -MT"src/helloworld.o" -o "src/helloworld.o" "../src/helloworld.c"
../src/helloworld.c: In function 'Handler':
../src/helloworld.c:753:8: warning: assignment makes pointer from integer without a cast [-Wint-conversion]
      cs= get_checksum(message);
        ^
../src/helloworld.c:749:8: warning: variable 'checker' set but not used [-Wunused-but-set-variable]
     u8 checker[4];
        ^~~~~~~
../src/helloworld.c: In function 'get_checksum':
../src/helloworld.c:1014:9: warning: passing argument 1 of 'strcpy' makes pointer from integer without a cast [-Wint-conversion]
  strcpy(digit,new);
         ^~~~~
In file included from c:\xilinx\sdk\2017.4\gnu\aarch32\nt\gcc-arm-none-eabi\arm-none-eabi\libc\usr\include\ctype.h:4:0,
                 from ../../UGV_FINAL_bsp/ps7_cortexa9_0/include/xil_printf.h:8,
                 from ../../UGV_FINAL_bsp/ps7_cortexa9_0/include/xil_io.h:65,
                 from ../../UGV_FINAL_bsp/ps7_cortexa9_0/include/xuartps_hw.h:73,
                 from ../../UGV_FINAL_bsp/ps7_cortexa9_0/include/xuartps.h:188,
                 from ../src/helloworld.c:15:
c:\xilinx\sdk\2017.4\gnu\aarch32\nt\gcc-arm-none-eabi\arm-none-eabi\libc\usr\include\string.h:30:8: note: expected 'char * restrict' but argument is of type 'char'
 char  *_EXFUN(strcpy,(char *__restrict, const char *__restrict));
        ^
../src/helloworld.c: In function 'Stepper2ResetRoutine':
../src/helloworld.c:1131:4: warning: implicit declaration of function 'StepperBBWD' [-Wimplicit-function-declaration]
    StepperBBWD();
    ^~~~~~~~~~~
At top level:
../src/helloworld.c:537:13: warning: 'UartLiteDisableIntrSystem' defined but not used [-Wunused-function]
 static void UartLiteDisableIntrSystem(INTC *IntcInstancePtr,
             ^~~~~~~~~~~~~~~~~~~~~~~~~
'Finished building: ../src/helloworld.c'
' '
'Building target: UGV_FINAL.elf'
'Invoking: ARM v7 gcc linker'
arm-none-eabi-gcc -mcpu=cortex-a9 -mfpu=vfpv3 -mfloat-abi=hard -Wl,-build-id=none -specs=Xilinx.spec -Wl,-T -Wl,../src/lscript.ld -L../../UGV_FINAL_bsp/ps7_cortexa9_0/lib -o "UGV_FINAL.elf"  ./src/helloworld.o ./src/mygpio.o ./src/platform.o   -Wl,--start-group,-lxil,-lgcc,-lc,--end-group
./src/helloworld.o: In function `Stepper1ResetRoutine':
C:\Users\Sean\Documents\UGV_PROJECTS\UGV_FINAL\UGV_FINAL.sdk\UGV_FINAL\Debug/../src/helloworld.c:1118: undefined reference to `StepperADirection'
C:\Users\Sean\Documents\UGV_PROJECTS\UGV_FINAL\UGV_FINAL.sdk\UGV_FINAL\Debug/../src/helloworld.c:1119: undefined reference to `StepperAPulse'
./src/helloworld.o: In function `Stepper2ResetRoutine':
C:\Users\Sean\Documents\UGV_PROJECTS\UGV_FINAL\UGV_FINAL.sdk\UGV_FINAL\Debug/../src/helloworld.c:1131: undefined reference to `StepperBBWD'
C:\Users\Sean\Documents\UGV_PROJECTS\UGV_FINAL\UGV_FINAL.sdk\UGV_FINAL\Debug/../src/helloworld.c:1132: undefined reference to `StepperBPulse'
collect2.exe: error: ld returned 1 exit status
make: *** [UGV_FINAL.elf] Error 1
13:11:48 **** Auto Build of configuration Debug for project UGV_FINAL ****
make pre-build main-build 
a9-linaro-pre-build-step
' '
'Building file: ../src/helloworld.c'
'Invoking: ARM v7 gcc compiler'
arm-none-eabi-gcc -Wall -O0 -g3 -c -fmessage-length=0 -MT"src/helloworld.o" -mcpu=cortex-a9 -mfpu=vfpv3 -mfloat-abi=hard -I../../UGV_FINAL_bsp/ps7_cortexa9_0/include -MMD -MP -MF"src/helloworld.d" -MT"src/helloworld.o" -o "src/helloworld.o" "../src/helloworld.c"
../src/helloworld.c: In function 'Handler':
../src/helloworld.c:753:8: warning: assignment makes pointer from integer without a cast [-Wint-conversion]
      cs= get_checksum(message);
        ^
../src/helloworld.c:749:8: warning: variable 'checker' set but not used [-Wunused-but-set-variable]
     u8 checker[4];
        ^~~~~~~
../src/helloworld.c: In function 'get_checksum':
../src/helloworld.c:1014:9: warning: passing argument 1 of 'strcpy' makes pointer from integer without a cast [-Wint-conversion]
  strcpy(digit,new);
         ^~~~~
In file included from c:\xilinx\sdk\2017.4\gnu\aarch32\nt\gcc-arm-none-eabi\arm-none-eabi\libc\usr\include\ctype.h:4:0,
                 from ../../UGV_FINAL_bsp/ps7_cortexa9_0/include/xil_printf.h:8,
                 from ../../UGV_FINAL_bsp/ps7_cortexa9_0/include/xil_io.h:65,
                 from ../../UGV_FINAL_bsp/ps7_cortexa9_0/include/xuartps_hw.h:73,
                 from ../../UGV_FINAL_bsp/ps7_cortexa9_0/include/xuartps.h:188,
                 from ../src/helloworld.c:15:
c:\xilinx\sdk\2017.4\gnu\aarch32\nt\gcc-arm-none-eabi\arm-none-eabi\libc\usr\include\string.h:30:8: note: expected 'char * restrict' but argument is of type 'char'
 char  *_EXFUN(strcpy,(char *__restrict, const char *__restrict));
        ^
../src/helloworld.c: In function 'Stepper2ResetRoutine':
../src/helloworld.c:1131:4: warning: implicit declaration of function 'StepperBBWD' [-Wimplicit-function-declaration]
    StepperBBWD();
    ^~~~~~~~~~~
../src/helloworld.c: At top level:
../src/helloworld.c:1137:6: error: conflicting types for 'StepperADirection'
 void StepperADirection(u32 direction)
      ^~~~~~~~~~~~~~~~~
../src/helloworld.c:140:6: note: previous declaration of 'StepperADirection' was here
 void StepperADirection(u8);
      ^~~~~~~~~~~~~~~~~
In file included from ../src/helloworld.c:21:0:
../src/helloworld.c: In function 'StepperADirection':
../src/helloworld.c:1139:27: error: 'StepperBase' undeclared (first use in this function)
  POLOLUSTEPPERA_mWriteReg(StepperBase,4,direction);
                           ^
../../UGV_FINAL_bsp/ps7_cortexa9_0/include/PololuStepperA.h:35:15: note: in definition of macro 'POLOLUSTEPPERA_mWriteReg'
    Xil_Out32((BaseAddress) + (RegOffset), (u32)(Data))
               ^~~~~~~~~~~
../src/helloworld.c:1139:27: note: each undeclared identifier is reported only once for each function it appears in
  POLOLUSTEPPERA_mWriteReg(StepperBase,4,direction);
                           ^
../../UGV_FINAL_bsp/ps7_cortexa9_0/include/PololuStepperA.h:35:15: note: in definition of macro 'POLOLUSTEPPERA_mWriteReg'
    Xil_Out32((BaseAddress) + (RegOffset), (u32)(Data))
               ^~~~~~~~~~~
../src/helloworld.c: At top level:
../src/helloworld.c:1141:6: error: conflicting types for 'StepperAPulse'
 void StepperAPulse (u8 pulse)
      ^~~~~~~~~~~~~
../src/helloworld.c:144:6: note: previous declaration of 'StepperAPulse' was here
 void StepperAPulse(int);
      ^~~~~~~~~~~~~
In file included from ../src/helloworld.c:21:0:
../src/helloworld.c: In function 'StepperAPulse':
../src/helloworld.c:1144:28: error: 'StepperBase' undeclared (first use in this function)
   POLOLUSTEPPERA_mWriteReg(StepperBase,0,0x00000001);
                            ^
../../UGV_FINAL_bsp/ps7_cortexa9_0/include/PololuStepperA.h:35:15: note: in definition of macro 'POLOLUSTEPPERA_mWriteReg'
    Xil_Out32((BaseAddress) + (RegOffset), (u32)(Data))
               ^~~~~~~~~~~
../src/helloworld.c: In function 'StepperBFWD':
../src/helloworld.c:1152:27: error: 'StepperBase' undeclared (first use in this function)
  POLOLUSTEPPERA_mWriteReg(StepperBase,4,0x02);
                           ^
../../UGV_FINAL_bsp/ps7_cortexa9_0/include/PololuStepperA.h:35:15: note: in definition of macro 'POLOLUSTEPPERA_mWriteReg'
    Xil_Out32((BaseAddress) + (RegOffset), (u32)(Data))
               ^~~~~~~~~~~
../src/helloworld.c: At top level:
../src/helloworld.c:1154:6: warning: conflicting types for 'StepperBBWD'
 void StepperBBWD(void)
      ^~~~~~~~~~~
../src/helloworld.c:1131:4: note: previous implicit declaration of 'StepperBBWD' was here
    StepperBBWD();
    ^~~~~~~~~~~
In file included from ../src/helloworld.c:21:0:
../src/helloworld.c: In function 'StepperBBWD':
../src/helloworld.c:1156:27: error: 'StepperBase' undeclared (first use in this function)
  POLOLUSTEPPERA_mWriteReg(StepperBase,4,0);
                           ^
../../UGV_FINAL_bsp/ps7_cortexa9_0/include/PololuStepperA.h:35:15: note: in definition of macro 'POLOLUSTEPPERA_mWriteReg'
    Xil_Out32((BaseAddress) + (RegOffset), (u32)(Data))
               ^~~~~~~~~~~
../src/helloworld.c: At top level:
../src/helloworld.c:1158:6: error: conflicting types for 'StepperBPulse'
 void StepperBPulse(u8 pulse)
      ^~~~~~~~~~~~~
../src/helloworld.c:143:6: note: previous declaration of 'StepperBPulse' was here
 void StepperBPulse(int);
      ^~~~~~~~~~~~~
In file included from ../src/helloworld.c:21:0:
../src/helloworld.c: In function 'StepperBPulse':
../src/helloworld.c:1160:27: error: 'StepperBase' undeclared (first use in this function)
  POLOLUSTEPPERA_mWriteReg(StepperBase,0,0x00000002);
                           ^
../../UGV_FINAL_bsp/ps7_cortexa9_0/include/PololuStepperA.h:35:15: note: in definition of macro 'POLOLUSTEPPERA_mWriteReg'
    Xil_Out32((BaseAddress) + (RegOffset), (u32)(Data))
               ^~~~~~~~~~~
At top level:
../src/helloworld.c:537:13: warning: 'UartLiteDisableIntrSystem' defined but not used [-Wunused-function]
 static void UartLiteDisableIntrSystem(INTC *IntcInstancePtr,
             ^~~~~~~~~~~~~~~~~~~~~~~~~
make: *** [src/helloworld.o] Error 1
13:13:07 **** Auto Build of configuration Debug for project UGV_FINAL ****
make pre-build main-build 
a9-linaro-pre-build-step
' '
'Building file: ../src/helloworld.c'
'Invoking: ARM v7 gcc compiler'
arm-none-eabi-gcc -Wall -O0 -g3 -c -fmessage-length=0 -MT"src/helloworld.o" -mcpu=cortex-a9 -mfpu=vfpv3 -mfloat-abi=hard -I../../UGV_FINAL_bsp/ps7_cortexa9_0/include -MMD -MP -MF"src/helloworld.d" -MT"src/helloworld.o" -o "src/helloworld.o" "../src/helloworld.c"
../src/helloworld.c: In function 'Handler':
../src/helloworld.c:753:8: warning: assignment makes pointer from integer without a cast [-Wint-conversion]
      cs= get_checksum(message);
        ^
../src/helloworld.c:749:8: warning: variable 'checker' set but not used [-Wunused-but-set-variable]
     u8 checker[4];
        ^~~~~~~
../src/helloworld.c: In function 'get_checksum':
../src/helloworld.c:1014:9: warning: passing argument 1 of 'strcpy' makes pointer from integer without a cast [-Wint-conversion]
  strcpy(digit,new);
         ^~~~~
In file included from c:\xilinx\sdk\2017.4\gnu\aarch32\nt\gcc-arm-none-eabi\arm-none-eabi\libc\usr\include\ctype.h:4:0,
                 from ../../UGV_FINAL_bsp/ps7_cortexa9_0/include/xil_printf.h:8,
                 from ../../UGV_FINAL_bsp/ps7_cortexa9_0/include/xil_io.h:65,
                 from ../../UGV_FINAL_bsp/ps7_cortexa9_0/include/xuartps_hw.h:73,
                 from ../../UGV_FINAL_bsp/ps7_cortexa9_0/include/xuartps.h:188,
                 from ../src/helloworld.c:15:
c:\xilinx\sdk\2017.4\gnu\aarch32\nt\gcc-arm-none-eabi\arm-none-eabi\libc\usr\include\string.h:30:8: note: expected 'char * restrict' but argument is of type 'char'
 char  *_EXFUN(strcpy,(char *__restrict, const char *__restrict));
        ^
../src/helloworld.c: In function 'Stepper2ResetRoutine':
../src/helloworld.c:1131:4: warning: implicit declaration of function 'StepperBBWD' [-Wimplicit-function-declaration]
    StepperBBWD();
    ^~~~~~~~~~~
In file included from ../src/helloworld.c:21:0:
../src/helloworld.c: In function 'StepperADirection':
../src/helloworld.c:1139:27: error: 'StepperBase' undeclared (first use in this function)
  POLOLUSTEPPERA_mWriteReg(StepperBase,4,direction);
                           ^
../../UGV_FINAL_bsp/ps7_cortexa9_0/include/PololuStepperA.h:35:15: note: in definition of macro 'POLOLUSTEPPERA_mWriteReg'
    Xil_Out32((BaseAddress) + (RegOffset), (u32)(Data))
               ^~~~~~~~~~~
../src/helloworld.c:1139:27: note: each undeclared identifier is reported only once for each function it appears in
  POLOLUSTEPPERA_mWriteReg(StepperBase,4,direction);
                           ^
../../UGV_FINAL_bsp/ps7_cortexa9_0/include/PololuStepperA.h:35:15: note: in definition of macro 'POLOLUSTEPPERA_mWriteReg'
    Xil_Out32((BaseAddress) + (RegOffset), (u32)(Data))
               ^~~~~~~~~~~
../src/helloworld.c: In function 'StepperAPulse':
../src/helloworld.c:1144:28: error: 'StepperBase' undeclared (first use in this function)
   POLOLUSTEPPERA_mWriteReg(StepperBase,0,0x00000001);
                            ^
../../UGV_FINAL_bsp/ps7_cortexa9_0/include/PololuStepperA.h:35:15: note: in definition of macro 'POLOLUSTEPPERA_mWriteReg'
    Xil_Out32((BaseAddress) + (RegOffset), (u32)(Data))
               ^~~~~~~~~~~
../src/helloworld.c: In function 'StepperBFWD':
../src/helloworld.c:1152:27: error: 'StepperBase' undeclared (first use in this function)
  POLOLUSTEPPERA_mWriteReg(StepperBase,4,0x02);
                           ^
../../UGV_FINAL_bsp/ps7_cortexa9_0/include/PololuStepperA.h:35:15: note: in definition of macro 'POLOLUSTEPPERA_mWriteReg'
    Xil_Out32((BaseAddress) + (RegOffset), (u32)(Data))
               ^~~~~~~~~~~
../src/helloworld.c: At top level:
../src/helloworld.c:1154:6: warning: conflicting types for 'StepperBBWD'
 void StepperBBWD(void)
      ^~~~~~~~~~~
../src/helloworld.c:1131:4: note: previous implicit declaration of 'StepperBBWD' was here
    StepperBBWD();
    ^~~~~~~~~~~
In file included from ../src/helloworld.c:21:0:
../src/helloworld.c: In function 'StepperBBWD':
../src/helloworld.c:1156:27: error: 'StepperBase' undeclared (first use in this function)
  POLOLUSTEPPERA_mWriteReg(StepperBase,4,0);
                           ^
../../UGV_FINAL_bsp/ps7_cortexa9_0/include/PololuStepperA.h:35:15: note: in definition of macro 'POLOLUSTEPPERA_mWriteReg'
    Xil_Out32((BaseAddress) + (RegOffset), (u32)(Data))
               ^~~~~~~~~~~
../src/helloworld.c: In function 'StepperBPulse':
../src/helloworld.c:1160:27: error: 'StepperBase' undeclared (first use in this function)
  POLOLUSTEPPERA_mWriteReg(StepperBase,0,0x00000002);
                           ^
../../UGV_FINAL_bsp/ps7_cortexa9_0/include/PololuStepperA.h:35:15: note: in definition of macro 'POLOLUSTEPPERA_mWriteReg'
    Xil_Out32((BaseAddress) + (RegOffset), (u32)(Data))
               ^~~~~~~~~~~
At top level:
../src/helloworld.c:537:13: warning: 'UartLiteDisableIntrSystem' defined but not used [-Wunused-function]
 static void UartLiteDisableIntrSystem(INTC *IntcInstancePtr,
             ^~~~~~~~~~~~~~~~~~~~~~~~~
make: *** [src/helloworld.o] Error 1
13:13:23 **** Auto Build of configuration Debug for project UGV_FINAL ****
make pre-build main-build 
a9-linaro-pre-build-step
' '
'Building file: ../src/helloworld.c'
'Invoking: ARM v7 gcc compiler'
arm-none-eabi-gcc -Wall -O0 -g3 -c -fmessage-length=0 -MT"src/helloworld.o" -mcpu=cortex-a9 -mfpu=vfpv3 -mfloat-abi=hard -I../../UGV_FINAL_bsp/ps7_cortexa9_0/include -MMD -MP -MF"src/helloworld.d" -MT"src/helloworld.o" -o "src/helloworld.o" "../src/helloworld.c"
../src/helloworld.c: In function 'Handler':
../src/helloworld.c:753:8: warning: assignment makes pointer from integer without a cast [-Wint-conversion]
      cs= get_checksum(message);
        ^
../src/helloworld.c:749:8: warning: variable 'checker' set but not used [-Wunused-but-set-variable]
     u8 checker[4];
        ^~~~~~~
../src/helloworld.c: In function 'get_checksum':
../src/helloworld.c:1014:9: warning: passing argument 1 of 'strcpy' makes pointer from integer without a cast [-Wint-conversion]
  strcpy(digit,new);
         ^~~~~
In file included from c:\xilinx\sdk\2017.4\gnu\aarch32\nt\gcc-arm-none-eabi\arm-none-eabi\libc\usr\include\ctype.h:4:0,
                 from ../../UGV_FINAL_bsp/ps7_cortexa9_0/include/xil_printf.h:8,
                 from ../../UGV_FINAL_bsp/ps7_cortexa9_0/include/xil_io.h:65,
                 from ../../UGV_FINAL_bsp/ps7_cortexa9_0/include/xuartps_hw.h:73,
                 from ../../UGV_FINAL_bsp/ps7_cortexa9_0/include/xuartps.h:188,
                 from ../src/helloworld.c:15:
c:\xilinx\sdk\2017.4\gnu\aarch32\nt\gcc-arm-none-eabi\arm-none-eabi\libc\usr\include\string.h:30:8: note: expected 'char * restrict' but argument is of type 'char'
 char  *_EXFUN(strcpy,(char *__restrict, const char *__restrict));
        ^
../src/helloworld.c: In function 'Stepper2ResetRoutine':
../src/helloworld.c:1131:4: warning: implicit declaration of function 'StepperBBWD' [-Wimplicit-function-declaration]
    StepperBBWD();
    ^~~~~~~~~~~
In file included from ../src/helloworld.c:21:0:
../src/helloworld.c: In function 'StepperAPulse':
../src/helloworld.c:1146:28: error: 'StepperBase' undeclared (first use in this function)
   POLOLUSTEPPERA_mWriteReg(StepperBase,0,0x00000000);
                            ^
../../UGV_FINAL_bsp/ps7_cortexa9_0/include/PololuStepperA.h:35:15: note: in definition of macro 'POLOLUSTEPPERA_mWriteReg'
    Xil_Out32((BaseAddress) + (RegOffset), (u32)(Data))
               ^~~~~~~~~~~
../src/helloworld.c:1146:28: note: each undeclared identifier is reported only once for each function it appears in
   POLOLUSTEPPERA_mWriteReg(StepperBase,0,0x00000000);
                            ^
../../UGV_FINAL_bsp/ps7_cortexa9_0/include/PololuStepperA.h:35:15: note: in definition of macro 'POLOLUSTEPPERA_mWriteReg'
    Xil_Out32((BaseAddress) + (RegOffset), (u32)(Data))
               ^~~~~~~~~~~
../src/helloworld.c: At top level:
../src/helloworld.c:1154:6: warning: conflicting types for 'StepperBBWD'
 void StepperBBWD(void)
      ^~~~~~~~~~~
../src/helloworld.c:1131:4: note: previous implicit declaration of 'StepperBBWD' was here
    StepperBBWD();
    ^~~~~~~~~~~
In file included from ../src/helloworld.c:21:0:
../src/helloworld.c: In function 'StepperBPulse':
../src/helloworld.c:1162:27: error: 'StepperBase' undeclared (first use in this function)
  POLOLUSTEPPERA_mWriteReg(StepperBase,0,0x00000000);
                           ^
../../UGV_FINAL_bsp/ps7_cortexa9_0/include/PololuStepperA.h:35:15: note: in definition of macro 'POLOLUSTEPPERA_mWriteReg'
    Xil_Out32((BaseAddress) + (RegOffset), (u32)(Data))
               ^~~~~~~~~~~
At top level:
../src/helloworld.c:537:13: warning: 'UartLiteDisableIntrSystem' defined but not used [-Wunused-function]
 static void UartLiteDisableIntrSystem(INTC *IntcInstancePtr,
             ^~~~~~~~~~~~~~~~~~~~~~~~~
make: *** [src/helloworld.o] Error 1
13:13:26 **** Auto Build of configuration Debug for project UGV_FINAL ****
make pre-build main-build 
a9-linaro-pre-build-step
' '
'Building file: ../src/helloworld.c'
'Invoking: ARM v7 gcc compiler'
arm-none-eabi-gcc -Wall -O0 -g3 -c -fmessage-length=0 -MT"src/helloworld.o" -mcpu=cortex-a9 -mfpu=vfpv3 -mfloat-abi=hard -I../../UGV_FINAL_bsp/ps7_cortexa9_0/include -MMD -MP -MF"src/helloworld.d" -MT"src/helloworld.o" -o "src/helloworld.o" "../src/helloworld.c"
../src/helloworld.c: In function 'Handler':
../src/helloworld.c:753:8: warning: assignment makes pointer from integer without a cast [-Wint-conversion]
      cs= get_checksum(message);
        ^
../src/helloworld.c:749:8: warning: variable 'checker' set but not used [-Wunused-but-set-variable]
     u8 checker[4];
        ^~~~~~~
../src/helloworld.c: In function 'get_checksum':
../src/helloworld.c:1014:9: warning: passing argument 1 of 'strcpy' makes pointer from integer without a cast [-Wint-conversion]
  strcpy(digit,new);
         ^~~~~
In file included from c:\xilinx\sdk\2017.4\gnu\aarch32\nt\gcc-arm-none-eabi\arm-none-eabi\libc\usr\include\ctype.h:4:0,
                 from ../../UGV_FINAL_bsp/ps7_cortexa9_0/include/xil_printf.h:8,
                 from ../../UGV_FINAL_bsp/ps7_cortexa9_0/include/xil_io.h:65,
                 from ../../UGV_FINAL_bsp/ps7_cortexa9_0/include/xuartps_hw.h:73,
                 from ../../UGV_FINAL_bsp/ps7_cortexa9_0/include/xuartps.h:188,
                 from ../src/helloworld.c:15:
c:\xilinx\sdk\2017.4\gnu\aarch32\nt\gcc-arm-none-eabi\arm-none-eabi\libc\usr\include\string.h:30:8: note: expected 'char * restrict' but argument is of type 'char'
 char  *_EXFUN(strcpy,(char *__restrict, const char *__restrict));
        ^
../src/helloworld.c: In function 'Stepper2ResetRoutine':
../src/helloworld.c:1131:4: warning: implicit declaration of function 'StepperBBWD' [-Wimplicit-function-declaration]
    StepperBBWD();
    ^~~~~~~~~~~
../src/helloworld.c: At top level:
../src/helloworld.c:1154:6: warning: conflicting types for 'StepperBBWD'
 void StepperBBWD(void)
      ^~~~~~~~~~~
../src/helloworld.c:1131:4: note: previous implicit declaration of 'StepperBBWD' was here
    StepperBBWD();
    ^~~~~~~~~~~
In file included from ../src/helloworld.c:21:0:
../src/helloworld.c: In function 'StepperBPulse':
../src/helloworld.c:1162:27: error: 'StepperBase' undeclared (first use in this function)
  POLOLUSTEPPERA_mWriteReg(StepperBase,0,0x00000000);
                           ^
../../UGV_FINAL_bsp/ps7_cortexa9_0/include/PololuStepperA.h:35:15: note: in definition of macro 'POLOLUSTEPPERA_mWriteReg'
    Xil_Out32((BaseAddress) + (RegOffset), (u32)(Data))
               ^~~~~~~~~~~
../src/helloworld.c:1162:27: note: each undeclared identifier is reported only once for each function it appears in
  POLOLUSTEPPERA_mWriteReg(StepperBase,0,0x00000000);
                           ^
../../UGV_FINAL_bsp/ps7_cortexa9_0/include/PololuStepperA.h:35:15: note: in definition of macro 'POLOLUSTEPPERA_mWriteReg'
    Xil_Out32((BaseAddress) + (RegOffset), (u32)(Data))
               ^~~~~~~~~~~
At top level:
../src/helloworld.c:537:13: warning: 'UartLiteDisableIntrSystem' defined but not used [-Wunused-function]
 static void UartLiteDisableIntrSystem(INTC *IntcInstancePtr,
             ^~~~~~~~~~~~~~~~~~~~~~~~~
make: *** [src/helloworld.o] Error 1
13:13:30 **** Auto Build of configuration Debug for project UGV_FINAL ****
make pre-build main-build 
a9-linaro-pre-build-step
' '
'Building file: ../src/helloworld.c'
'Invoking: ARM v7 gcc compiler'
arm-none-eabi-gcc -Wall -O0 -g3 -c -fmessage-length=0 -MT"src/helloworld.o" -mcpu=cortex-a9 -mfpu=vfpv3 -mfloat-abi=hard -I../../UGV_FINAL_bsp/ps7_cortexa9_0/include -MMD -MP -MF"src/helloworld.d" -MT"src/helloworld.o" -o "src/helloworld.o" "../src/helloworld.c"
[...]
../src/helloworld.c:147:45: warning: data definition has no type or storage class
 int turretServoPosition = 1,turretCWLimit=0;turretCCWLimit;
                                             ^~~~~~~~~~~~~~
../src/helloworld.c:147:45: warning: type defaults to 'int' in declaration of 'turretCCWLimit' [-Wimplicit-int]
../src/helloworld.c:152:17: warning: pointer targets in initialization differ in signedness [-Wpointer-sign]
 char *replies = reply;
                 ^~~~~
../src/helloworld.c: In function 'get_checksum':
../src/helloworld.c:1083:9: warning: passing argument 1 of 'strcpy' makes pointer from integer without a cast [-Wint-conversion]
  strcpy(digit,new);
         ^~~~~
In file included from c:\xilinx\sdk\2017.4\gnu\aarch32\nt\gcc-arm-none-eabi\arm-none-eabi\libc\usr\include\ctype.h:4:0,
                 from ../../UGV_FINAL_bsp/ps7_cortexa9_0/include/xil_printf.h:8,
                 from ../../UGV_FINAL_bsp/ps7_cortexa9_0/include/xil_io.h:65,
                 from ../../UGV_FINAL_bsp/ps7_cortexa9_0/include/xuartps_hw.h:73,
                 from ../../UGV_FINAL_bsp/ps7_cortexa9_0/include/xuartps.h:188,
                 from ../src/helloworld.c:15:
c:\xilinx\sdk\2017.4\gnu\aarch32\nt\gcc-arm-none-eabi\arm-none-eabi\libc\usr\include\string.h:30:8: note: expected 'char * restrict' but argument is of type 'char'
 char  *_EXFUN(strcpy,(char *__restrict, const char *__restrict));
        ^
At top level:
../src/helloworld.c:526:13: warning: 'UartLiteDisableIntrSystem' defined but not used [-Wunused-function]
 static void UartLiteDisableIntrSystem(INTC *IntcInstancePtr,
             ^~~~~~~~~~~~~~~~~~~~~~~~~
../src/helloworld.c: In function 'Handler':
../src/helloworld.c:743:23: warning: 'cs' may be used uninitialized in this function [-Wmaybe-uninitialized]
      if(checkSum != cs[0])
                     ~~^~~
'Finished building: ../src/helloworld.c'
' '
'Building target: UGV_FINAL.elf'
'Invoking: ARM v7 gcc linker'
arm-none-eabi-gcc -mcpu=cortex-a9 -mfpu=vfpv3 -mfloat-abi=hard -Wl,-build-id=none -specs=Xilinx.spec -Wl,-T -Wl,../src/lscript.ld -L../../UGV_FINAL_bsp/ps7_cortexa9_0/lib -o "UGV_FINAL.elf"  ./src/helloworld.o ./src/mygpio.o ./src/platform.o   -Wl,--start-group,-lxil,-lgcc,-lc,--end-group
'Finished building target: UGV_FINAL.elf'
' '
'Invoking: ARM v7 Print Size'
arm-none-eabi-size UGV_FINAL.elf  |tee "UGV_FINAL.elf.size"
   text	   data	    bss	    dec	    hex	filename
  40608	   2820	  23064	  66492	  103bc	UGV_FINAL.elf
'Finished building: UGV_FINAL.elf.size'
' '
15:35:19 **** Auto Build of configuration Debug for project UGV_FINAL ****
make pre-build main-build 
a9-linaro-pre-build-step
' '
'Building file: ../src/helloworld.c'
'Invoking: ARM v7 gcc compiler'
arm-none-eabi-gcc -Wall -O0 -g3 -c -fmessage-length=0 -MT"src/helloworld.o" -mcpu=cortex-a9 -mfpu=vfpv3 -mfloat-abi=hard -I../../UGV_FINAL_bsp/ps7_cortexa9_0/include -MMD -MP -MF"src/helloworld.d" -MT"src/helloworld.o" -o "src/helloworld.o" "../src/helloworld.c"
../src/helloworld.c:147:45: warning: data definition has no type or storage class
 int turretServoPosition = 1,turretCWLimit=0;turretCCWLimit;
                                             ^~~~~~~~~~~~~~
../src/helloworld.c:147:45: warning: type defaults to 'int' in declaration of 'turretCCWLimit' [-Wimplicit-int]
../src/helloworld.c:152:17: warning: pointer targets in initialization differ in signedness [-Wpointer-sign]
 char *replies = reply;
                 ^~~~~
../src/helloworld.c: In function 'get_checksum':
../src/helloworld.c:1100:9: warning: passing argument 1 of 'strcpy' makes pointer from integer without a cast [-Wint-conversion]
  strcpy(digit,new);
         ^~~~~
In file included from c:\xilinx\sdk\2017.4\gnu\aarch32\nt\gcc-arm-none-eabi\arm-none-eabi\libc\usr\include\ctype.h:4:0,
                 from ../../UGV_FINAL_bsp/ps7_cortexa9_0/include/xil_printf.h:8,
                 from ../../UGV_FINAL_bsp/ps7_cortexa9_0/include/xil_io.h:65,
                 from ../../UGV_FINAL_bsp/ps7_cortexa9_0/include/xuartps_hw.h:73,
                 from ../../UGV_FINAL_bsp/ps7_cortexa9_0/include/xuartps.h:188,
                 from ../src/helloworld.c:15:
c:\xilinx\sdk\2017.4\gnu\aarch32\nt\gcc-arm-none-eabi\arm-none-eabi\libc\usr\include\string.h:30:8: note: expected 'char * restrict' but argument is of type 'char'
 char  *_EXFUN(strcpy,(char *__restrict, const char *__restrict));
        ^
At top level:
../src/helloworld.c:526:13: warning: 'UartLiteDisableIntrSystem' defined but not used [-Wunused-function]
 static void UartLiteDisableIntrSystem(INTC *IntcInstancePtr,
             ^~~~~~~~~~~~~~~~~~~~~~~~~
../src/helloworld.c: In function 'Handler':
../src/helloworld.c:743:23: warning: 'cs' may be used uninitialized in this function [-Wmaybe-uninitialized]
      if(checkSum != cs[0])
                     ~~^~~
'Finished building: ../src/helloworld.c'
' '
'Building target: UGV_FINAL.elf'
'Invoking: ARM v7 gcc linker'
arm-none-eabi-gcc -mcpu=cortex-a9 -mfpu=vfpv3 -mfloat-abi=hard -Wl,-build-id=none -specs=Xilinx.spec -Wl,-T -Wl,../src/lscript.ld -L../../UGV_FINAL_bsp/ps7_cortexa9_0/lib -o "UGV_FINAL.elf"  ./src/helloworld.o ./src/mygpio.o ./src/platform.o   -Wl,--start-group,-lxil,-lgcc,-lc,--end-group
'Finished building target: UGV_FINAL.elf'
' '
'Invoking: ARM v7 Print Size'
arm-none-eabi-size UGV_FINAL.elf  |tee "UGV_FINAL.elf.size"
   text	   data	    bss	    dec	    hex	filename
  41148	   2820	  23064	  67032	  105d8	UGV_FINAL.elf
'Finished building: UGV_FINAL.elf.size'
' '
15:37:20 **** Auto Build of configuration Debug for project UGV_FINAL ****
make pre-build main-build 
a9-linaro-pre-build-step
' '
'Building file: ../src/helloworld.c'
'Invoking: ARM v7 gcc compiler'
arm-none-eabi-gcc -Wall -O0 -g3 -c -fmessage-length=0 -MT"src/helloworld.o" -mcpu=cortex-a9 -mfpu=vfpv3 -mfloat-abi=hard -I../../UGV_FINAL_bsp/ps7_cortexa9_0/include -MMD -MP -MF"src/helloworld.d" -MT"src/helloworld.o" -o "src/helloworld.o" "../src/helloworld.c"
../src/helloworld.c:147:45: warning: data definition has no type or storage class
 int turretServoPosition = 1,turretCWLimit=0;turretCCWLimit;
                                             ^~~~~~~~~~~~~~
../src/helloworld.c:147:45: warning: type defaults to 'int' in declaration of 'turretCCWLimit' [-Wimplicit-int]
../src/helloworld.c:152:17: warning: pointer targets in initialization differ in signedness [-Wpointer-sign]
 char *replies = reply;
                 ^~~~~
../src/helloworld.c: In function 'get_checksum':
../src/helloworld.c:1101:9: warning: passing argument 1 of 'strcpy' makes pointer from integer without a cast [-Wint-conversion]
  strcpy(digit,new);
         ^~~~~
In file included from c:\xilinx\sdk\2017.4\gnu\aarch32\nt\gcc-arm-none-eabi\arm-none-eabi\libc\usr\include\ctype.h:4:0,
                 from ../../UGV_FINAL_bsp/ps7_cortexa9_0/include/xil_printf.h:8,
                 from ../../UGV_FINAL_bsp/ps7_cortexa9_0/include/xil_io.h:65,
                 from ../../UGV_FINAL_bsp/ps7_cortexa9_0/include/xuartps_hw.h:73,
                 from ../../UGV_FINAL_bsp/ps7_cortexa9_0/include/xuartps.h:188,
                 from ../src/helloworld.c:15:
c:\xilinx\sdk\2017.4\gnu\aarch32\nt\gcc-arm-none-eabi\arm-none-eabi\libc\usr\include\string.h:30:8: note: expected 'char * restrict' but argument is of type 'char'
 char  *_EXFUN(strcpy,(char *__restrict, const char *__restrict));
        ^
At top level:
../src/helloworld.c:526:13: warning: 'UartLiteDisableIntrSystem' defined but not used [-Wunused-function]
 static void UartLiteDisableIntrSystem(INTC *IntcInstancePtr,
             ^~~~~~~~~~~~~~~~~~~~~~~~~
../src/helloworld.c: In function 'Handler':
../src/helloworld.c:743:23: warning: 'cs' may be used uninitialized in this function [-Wmaybe-uninitialized]
      if(checkSum != cs[0])
                     ~~^~~
'Finished building: ../src/helloworld.c'
' '
'Building target: UGV_FINAL.elf'
'Invoking: ARM v7 gcc linker'
arm-none-eabi-gcc -mcpu=cortex-a9 -mfpu=vfpv3 -mfloat-abi=hard -Wl,-build-id=none -specs=Xilinx.spec -Wl,-T -Wl,../src/lscript.ld -L../../UGV_FINAL_bsp/ps7_cortexa9_0/lib -o "UGV_FINAL.elf"  ./src/helloworld.o ./src/mygpio.o ./src/platform.o   -Wl,--start-group,-lxil,-lgcc,-lc,--end-group
'Finished building target: UGV_FINAL.elf'
' '
'Invoking: ARM v7 Print Size'
arm-none-eabi-size UGV_FINAL.elf  |tee "UGV_FINAL.elf.size"
   text	   data	    bss	    dec	    hex	filename
  41084	   2820	  23064	  66968	  10598	UGV_FINAL.elf
'Finished building: UGV_FINAL.elf.size'
' '
15:37:23 **** Auto Build of configuration Debug for project UGV_FINAL ****
make pre-build main-build 
a9-linaro-pre-build-step
' '
'Building file: ../src/helloworld.c'
'Invoking: ARM v7 gcc compiler'
arm-none-eabi-gcc -Wall -O0 -g3 -c -fmessage-length=0 -MT"src/helloworld.o" -mcpu=cortex-a9 -mfpu=vfpv3 -mfloat-abi=hard -I../../UGV_FINAL_bsp/ps7_cortexa9_0/include -MMD -MP -MF"src/helloworld.d" -MT"src/helloworld.o" -o "src/helloworld.o" "../src/helloworld.c"
../src/helloworld.c:147:45: warning: data definition has no type or storage class
 int turretServoPosition = 1,turretCWLimit=0;turretCCWLimit;
                                             ^~~~~~~~~~~~~~
../src/helloworld.c:147:45: warning: type defaults to 'int' in declaration of 'turretCCWLimit' [-Wimplicit-int]
../src/helloworld.c:152:17: warning: pointer targets in initialization differ in signedness [-Wpointer-sign]
 char *replies = reply;
                 ^~~~~
../src/helloworld.c: In function 'get_checksum':
../src/helloworld.c:1101:9: warning: passing argument 1 of 'strcpy' makes pointer from integer without a cast [-Wint-conversion]
  strcpy(digit,new);
         ^~~~~
In file included from c:\xilinx\sdk\2017.4\gnu\aarch32\nt\gcc-arm-none-eabi\arm-none-eabi\libc\usr\include\ctype.h:4:0,
                 from ../../UGV_FINAL_bsp/ps7_cortexa9_0/include/xil_printf.h:8,
                 from ../../UGV_FINAL_bsp/ps7_cortexa9_0/include/xil_io.h:65,
                 from ../../UGV_FINAL_bsp/ps7_cortexa9_0/include/xuartps_hw.h:73,
                 from ../../UGV_FINAL_bsp/ps7_cortexa9_0/include/xuartps.h:188,
                 from ../src/helloworld.c:15:
c:\xilinx\sdk\2017.4\gnu\aarch32\nt\gcc-arm-none-eabi\arm-none-eabi\libc\usr\include\string.h:30:8: note: expected 'char * restrict' but argument is of type 'char'
 char  *_EXFUN(strcpy,(char *__restrict, const char *__restrict));
        ^
At top level:
../src/helloworld.c:526:13: warning: 'UartLiteDisableIntrSystem' defined but not used [-Wunused-function]
 static void UartLiteDisableIntrSystem(INTC *IntcInstancePtr,
             ^~~~~~~~~~~~~~~~~~~~~~~~~
../src/helloworld.c: In function 'Handler':
../src/helloworld.c:743:23: warning: 'cs' may be used uninitialized in this function [-Wmaybe-uninitialized]
      if(checkSum != cs[0])
                     ~~^~~
'Finished building: ../src/helloworld.c'
' '
'Building target: UGV_FINAL.elf'
'Invoking: ARM v7 gcc linker'
arm-none-eabi-gcc -mcpu=cortex-a9 -mfpu=vfpv3 -mfloat-abi=hard -Wl,-build-id=none -specs=Xilinx.spec -Wl,-T -Wl,../src/lscript.ld -L../../UGV_FINAL_bsp/ps7_cortexa9_0/lib -o "UGV_FINAL.elf"  ./src/helloworld.o ./src/mygpio.o ./src/platform.o   -Wl,--start-group,-lxil,-lgcc,-lc,--end-group
'Finished building target: UGV_FINAL.elf'
' '
'Invoking: ARM v7 Print Size'
arm-none-eabi-size UGV_FINAL.elf  |tee "UGV_FINAL.elf.size"
   text	   data	    bss	    dec	    hex	filename
  41084	   2820	  23064	  66968	  10598	UGV_FINAL.elf
'Finished building: UGV_FINAL.elf.size'
' '
15:40:17 **** Auto Build of configuration Debug for project UGV_FINAL ****
make pre-build main-build 
a9-linaro-pre-build-step
' '
'Building file: ../src/helloworld.c'
'Invoking: ARM v7 gcc compiler'
arm-none-eabi-gcc -Wall -O0 -g3 -c -fmessage-length=0 -MT"src/helloworld.o" -mcpu=cortex-a9 -mfpu=vfpv3 -mfloat-abi=hard -I../../UGV_FINAL_bsp/ps7_cortexa9_0/include -MMD -MP -MF"src/helloworld.d" -MT"src/helloworld.o" -o "src/helloworld.o" "../src/helloworld.c"
../src/helloworld.c:147:45: warning: data definition has no type or storage class
 int turretServoPosition = 1,turretCWLimit=0;turretCCWLimit;
                                             ^~~~~~~~~~~~~~
../src/helloworld.c:147:45: warning: type defaults to 'int' in declaration of 'turretCCWLimit' [-Wimplicit-int]
../src/helloworld.c:152:17: warning: pointer targets in initialization differ in signedness [-Wpointer-sign]
 char *replies = reply;
                 ^~~~~
../src/helloworld.c: In function 'process_data':
../src/helloworld.c:1073:2: error: case label not within a switch statement
  case 'K':
  ^~~~
../src/helloworld.c:1094:3: error: break statement not within loop or switch
   break;
   ^~~~~
../src/helloworld.c: In function 'get_checksum':
../src/helloworld.c:1105:9: warning: passing argument 1 of 'strcpy' makes pointer from integer without a cast [-Wint-conversion]
  strcpy(digit,new);
         ^~~~~
In file included from c:\xilinx\sdk\2017.4\gnu\aarch32\nt\gcc-arm-none-eabi\arm-none-eabi\libc\usr\include\ctype.h:4:0,
                 from ../../UGV_FINAL_bsp/ps7_cortexa9_0/include/xil_printf.h:8,
                 from ../../UGV_FINAL_bsp/ps7_cortexa9_0/include/xil_io.h:65,
                 from ../../UGV_FINAL_bsp/ps7_cortexa9_0/include/xuartps_hw.h:73,
                 from ../../UGV_FINAL_bsp/ps7_cortexa9_0/include/xuartps.h:188,
                 from ../src/helloworld.c:15:
c:\xilinx\sdk\2017.4\gnu\aarch32\nt\gcc-arm-none-eabi\arm-none-eabi\libc\usr\include\string.h:30:8: note: expected 'char * restrict' but argument is of type 'char'
 char  *_EXFUN(strcpy,(char *__restrict, const char *__restrict));
        ^
At top level:
../src/helloworld.c:526:13: warning: 'UartLiteDisableIntrSystem' defined but not used [-Wunused-function]
 static void UartLiteDisableIntrSystem(INTC *IntcInstancePtr,
             ^~~~~~~~~~~~~~~~~~~~~~~~~
make: *** [src/helloworld.o] Error 1
15:40:30 **** Auto Build of configuration Debug for project UGV_FINAL ****
make pre-build main-build 
a9-linaro-pre-build-step
' '
'Building file: ../src/helloworld.c'
'Invoking: ARM v7 gcc compiler'
arm-none-eabi-gcc -Wall -O0 -g3 -c -fmessage-length=0 -MT"src/helloworld.o" -mcpu=cortex-a9 -mfpu=vfpv3 -mfloat-abi=hard -I../../UGV_FINAL_bsp/ps7_cortexa9_0/include -MMD -MP -MF"src/helloworld.d" -MT"src/helloworld.o" -o "src/helloworld.o" "../src/helloworld.c"
../src/helloworld.c:147:45: warning: data definition has no type or storage class
 int turretServoPosition = 1,turretCWLimit=0;turretCCWLimit;
                                             ^~~~~~~~~~~~~~
../src/helloworld.c:147:45: warning: type defaults to 'int' in declaration of 'turretCCWLimit' [-Wimplicit-int]
../src/helloworld.c:152:17: warning: pointer targets in initialization differ in signedness [-Wpointer-sign]
 char *replies = reply;
                 ^~~~~
../src/helloworld.c: In function 'get_checksum':
../src/helloworld.c:1105:9: warning: passing argument 1 of 'strcpy' makes pointer from integer without a cast [-Wint-conversion]
  strcpy(digit,new);
         ^~~~~
In file included from c:\xilinx\sdk\2017.4\gnu\aarch32\nt\gcc-arm-none-eabi\arm-none-eabi\libc\usr\include\ctype.h:4:0,
                 from ../../UGV_FINAL_bsp/ps7_cortexa9_0/include/xil_printf.h:8,
                 from ../../UGV_FINAL_bsp/ps7_cortexa9_0/include/xil_io.h:65,
                 from ../../UGV_FINAL_bsp/ps7_cortexa9_0/include/xuartps_hw.h:73,
                 from ../../UGV_FINAL_bsp/ps7_cortexa9_0/include/xuartps.h:188,
                 from ../src/helloworld.c:15:
c:\xilinx\sdk\2017.4\gnu\aarch32\nt\gcc-arm-none-eabi\arm-none-eabi\libc\usr\include\string.h:30:8: note: expected 'char * restrict' but argument is of type 'char'
 char  *_EXFUN(strcpy,(char *__restrict, const char *__restrict));
        ^
At top level:
../src/helloworld.c:526:13: warning: 'UartLiteDisableIntrSystem' defined but not used [-Wunused-function]
 static void UartLiteDisableIntrSystem(INTC *IntcInstancePtr,
             ^~~~~~~~~~~~~~~~~~~~~~~~~
../src/helloworld.c: In function 'Handler':
../src/helloworld.c:743:23: warning: 'cs' may be used uninitialized in this function [-Wmaybe-uninitialized]
      if(checkSum != cs[0])
                     ~~^~~
'Finished building: ../src/helloworld.c'
' '
'Building target: UGV_FINAL.elf'
'Invoking: ARM v7 gcc linker'
arm-none-eabi-gcc -mcpu=cortex-a9 -mfpu=vfpv3 -mfloat-abi=hard -Wl,-build-id=none -specs=Xilinx.spec -Wl,-T -Wl,../src/lscript.ld -L../../UGV_FINAL_bsp/ps7_cortexa9_0/lib -o "UGV_FINAL.elf"  ./src/helloworld.o ./src/mygpio.o ./src/platform.o   -Wl,--start-group,-lxil,-lgcc,-lc,--end-group
'Finished building target: UGV_FINAL.elf'
' '
'Invoking: ARM v7 Print Size'
arm-none-eabi-size UGV_FINAL.elf  |tee "UGV_FINAL.elf.size"
   text	   data	    bss	    dec	    hex	filename
  41260	   2820	  23064	  67144	  10648	UGV_FINAL.elf
'Finished building: UGV_FINAL.elf.size'
' '
15:40:47 **** Auto Build of configuration Debug for project UGV_FINAL ****
make pre-build main-build 
a9-linaro-pre-build-step
' '
'Building file: ../src/helloworld.c'
'Invoking: ARM v7 gcc compiler'
arm-none-eabi-gcc -Wall -O0 -g3 -c -fmessage-length=0 -MT"src/helloworld.o" -mcpu=cortex-a9 -mfpu=vfpv3 -mfloat-abi=hard -I../../UGV_FINAL_bsp/ps7_cortexa9_0/include -MMD -MP -MF"src/helloworld.d" -MT"src/helloworld.o" -o "src/helloworld.o" "../src/helloworld.c"
../src/helloworld.c:147:45: warning: data definition has no type or storage class
 int turretServoPosition = 1,turretCWLimit=0;turretCCWLimit;
                                             ^~~~~~~~~~~~~~
../src/helloworld.c:147:45: warning: type defaults to 'int' in declaration of 'turretCCWLimit' [-Wimplicit-int]
../src/helloworld.c:152:17: warning: pointer targets in initialization differ in signedness [-Wpointer-sign]
 char *replies = reply;
                 ^~~~~
../src/helloworld.c: In function 'get_checksum':
../src/helloworld.c:1105:9: warning: passing argument 1 of 'strcpy' makes pointer from integer without a cast [-Wint-conversion]
  strcpy(digit,new);
         ^~~~~
In file included from c:\xilinx\sdk\2017.4\gnu\aarch32\nt\gcc-arm-none-eabi\arm-none-eabi\libc\usr\include\ctype.h:4:0,
                 from ../../UGV_FINAL_bsp/ps7_cortexa9_0/include/xil_printf.h:8,
                 from ../../UGV_FINAL_bsp/ps7_cortexa9_0/include/xil_io.h:65,
                 from ../../UGV_FINAL_bsp/ps7_cortexa9_0/include/xuartps_hw.h:73,
                 from ../../UGV_FINAL_bsp/ps7_cortexa9_0/include/xuartps.h:188,
                 from ../src/helloworld.c:15:
c:\xilinx\sdk\2017.4\gnu\aarch32\nt\gcc-arm-none-eabi\arm-none-eabi\libc\usr\include\string.h:30:8: note: expected 'char * restrict' but argument is of type 'char'
 char  *_EXFUN(strcpy,(char *__restrict, const char *__restrict));
        ^
At top level:
../src/helloworld.c:526:13: warning: 'UartLiteDisableIntrSystem' defined but not used [-Wunused-function]
 static void UartLiteDisableIntrSystem(INTC *IntcInstancePtr,
             ^~~~~~~~~~~~~~~~~~~~~~~~~
../src/helloworld.c: In function 'Handler':
../src/helloworld.c:743:23: warning: 'cs' may be used uninitialized in this function [-Wmaybe-uninitialized]
      if(checkSum != cs[0])
                     ~~^~~
'Finished building: ../src/helloworld.c'
' '
'Building target: UGV_FINAL.elf'
'Invoking: ARM v7 gcc linker'
arm-none-eabi-gcc -mcpu=cortex-a9 -mfpu=vfpv3 -mfloat-abi=hard -Wl,-build-id=none -specs=Xilinx.spec -Wl,-T -Wl,../src/lscript.ld -L../../UGV_FINAL_bsp/ps7_cortexa9_0/lib -o "UGV_FINAL.elf"  ./src/helloworld.o ./src/mygpio.o ./src/platform.o   -Wl,--start-group,-lxil,-lgcc,-lc,--end-group
'Finished building target: UGV_FINAL.elf'
' '
'Invoking: ARM v7 Print Size'
arm-none-eabi-size UGV_FINAL.elf  |tee "UGV_FINAL.elf.size"
   text	   data	    bss	    dec	    hex	filename
  41260	   2820	  23064	  67144	  10648	UGV_FINAL.elf
'Finished building: UGV_FINAL.elf.size'
' '
